Archive member included to satisfy reference by file (symbol)

d:/ac6/systemworkbench/plugins/fr.ac6.mcu.externaltools.arm-none.win32_1.17.0.201812190825/tools/compiler/bin/../lib/gcc/arm-none-eabi/7.3.1/thumb/v7e-m/fpv4-sp/hard\libgcc.a(_aeabi_uldivmod.o)
                              Drivers/STM32L4xx_HAL_Driver/Src/stm32l4xx_hal_uart.o (__aeabi_uldivmod)
d:/ac6/systemworkbench/plugins/fr.ac6.mcu.externaltools.arm-none.win32_1.17.0.201812190825/tools/compiler/bin/../lib/gcc/arm-none-eabi/7.3.1/thumb/v7e-m/fpv4-sp/hard\libgcc.a(_udivmoddi4.o)
                              d:/ac6/systemworkbench/plugins/fr.ac6.mcu.externaltools.arm-none.win32_1.17.0.201812190825/tools/compiler/bin/../lib/gcc/arm-none-eabi/7.3.1/thumb/v7e-m/fpv4-sp/hard\libgcc.a(_aeabi_uldivmod.o) (__udivmoddi4)
d:/ac6/systemworkbench/plugins/fr.ac6.mcu.externaltools.arm-none.win32_1.17.0.201812190825/tools/compiler/bin/../lib/gcc/arm-none-eabi/7.3.1/thumb/v7e-m/fpv4-sp/hard\libgcc.a(_dvmd_tls.o)
                              d:/ac6/systemworkbench/plugins/fr.ac6.mcu.externaltools.arm-none.win32_1.17.0.201812190825/tools/compiler/bin/../lib/gcc/arm-none-eabi/7.3.1/thumb/v7e-m/fpv4-sp/hard\libgcc.a(_aeabi_uldivmod.o) (__aeabi_ldiv0)
d:/ac6/systemworkbench/plugins/fr.ac6.mcu.externaltools.arm-none.win32_1.17.0.201812190825/tools/compiler/bin/../lib/gcc/arm-none-eabi/7.3.1/../../../../arm-none-eabi/lib/thumb/v7e-m/fpv4-sp/hard\libc_nano.a(lib_a-errno.o)
                              Src/syscalls.o (__errno)
d:/ac6/systemworkbench/plugins/fr.ac6.mcu.externaltools.arm-none.win32_1.17.0.201812190825/tools/compiler/bin/../lib/gcc/arm-none-eabi/7.3.1/../../../../arm-none-eabi/lib/thumb/v7e-m/fpv4-sp/hard\libc_nano.a(lib_a-exit.o)
                              d:/ac6/systemworkbench/plugins/fr.ac6.mcu.externaltools.arm-none.win32_1.17.0.201812190825/tools/compiler/bin/../lib/gcc/arm-none-eabi/7.3.1/../../../../arm-none-eabi/lib/thumb/v7e-m/fpv4-sp/hard/crt0.o (exit)
d:/ac6/systemworkbench/plugins/fr.ac6.mcu.externaltools.arm-none.win32_1.17.0.201812190825/tools/compiler/bin/../lib/gcc/arm-none-eabi/7.3.1/../../../../arm-none-eabi/lib/thumb/v7e-m/fpv4-sp/hard\libc_nano.a(lib_a-impure.o)
                              d:/ac6/systemworkbench/plugins/fr.ac6.mcu.externaltools.arm-none.win32_1.17.0.201812190825/tools/compiler/bin/../lib/gcc/arm-none-eabi/7.3.1/../../../../arm-none-eabi/lib/thumb/v7e-m/fpv4-sp/hard\libc_nano.a(lib_a-exit.o) (_global_impure_ptr)
d:/ac6/systemworkbench/plugins/fr.ac6.mcu.externaltools.arm-none.win32_1.17.0.201812190825/tools/compiler/bin/../lib/gcc/arm-none-eabi/7.3.1/../../../../arm-none-eabi/lib/thumb/v7e-m/fpv4-sp/hard\libc_nano.a(lib_a-init.o)
                              d:/ac6/systemworkbench/plugins/fr.ac6.mcu.externaltools.arm-none.win32_1.17.0.201812190825/tools/compiler/bin/../lib/gcc/arm-none-eabi/7.3.1/../../../../arm-none-eabi/lib/thumb/v7e-m/fpv4-sp/hard/crt0.o (__libc_init_array)
d:/ac6/systemworkbench/plugins/fr.ac6.mcu.externaltools.arm-none.win32_1.17.0.201812190825/tools/compiler/bin/../lib/gcc/arm-none-eabi/7.3.1/../../../../arm-none-eabi/lib/thumb/v7e-m/fpv4-sp/hard\libc_nano.a(lib_a-malloc.o)
                              Middlewares/ST/STM32_USB_Host_Library/Class/CDC/Src/usbh_cdc.o (malloc)
d:/ac6/systemworkbench/plugins/fr.ac6.mcu.externaltools.arm-none.win32_1.17.0.201812190825/tools/compiler/bin/../lib/gcc/arm-none-eabi/7.3.1/../../../../arm-none-eabi/lib/thumb/v7e-m/fpv4-sp/hard\libc_nano.a(lib_a-memset.o)
                              d:/ac6/systemworkbench/plugins/fr.ac6.mcu.externaltools.arm-none.win32_1.17.0.201812190825/tools/compiler/bin/../lib/gcc/arm-none-eabi/7.3.1/../../../../arm-none-eabi/lib/thumb/v7e-m/fpv4-sp/hard/crt0.o (memset)
d:/ac6/systemworkbench/plugins/fr.ac6.mcu.externaltools.arm-none.win32_1.17.0.201812190825/tools/compiler/bin/../lib/gcc/arm-none-eabi/7.3.1/../../../../arm-none-eabi/lib/thumb/v7e-m/fpv4-sp/hard\libc_nano.a(lib_a-nano-freer.o)
                              d:/ac6/systemworkbench/plugins/fr.ac6.mcu.externaltools.arm-none.win32_1.17.0.201812190825/tools/compiler/bin/../lib/gcc/arm-none-eabi/7.3.1/../../../../arm-none-eabi/lib/thumb/v7e-m/fpv4-sp/hard\libc_nano.a(lib_a-malloc.o) (_free_r)
d:/ac6/systemworkbench/plugins/fr.ac6.mcu.externaltools.arm-none.win32_1.17.0.201812190825/tools/compiler/bin/../lib/gcc/arm-none-eabi/7.3.1/../../../../arm-none-eabi/lib/thumb/v7e-m/fpv4-sp/hard\libc_nano.a(lib_a-nano-mallocr.o)
                              d:/ac6/systemworkbench/plugins/fr.ac6.mcu.externaltools.arm-none.win32_1.17.0.201812190825/tools/compiler/bin/../lib/gcc/arm-none-eabi/7.3.1/../../../../arm-none-eabi/lib/thumb/v7e-m/fpv4-sp/hard\libc_nano.a(lib_a-malloc.o) (_malloc_r)
d:/ac6/systemworkbench/plugins/fr.ac6.mcu.externaltools.arm-none.win32_1.17.0.201812190825/tools/compiler/bin/../lib/gcc/arm-none-eabi/7.3.1/../../../../arm-none-eabi/lib/thumb/v7e-m/fpv4-sp/hard\libc_nano.a(lib_a-sbrkr.o)
[...]
Memory Configuration

Name             Origin             Length             Attributes
RAM              0x20000000         0x00018000         xrw
RAM2             0x10000000         0x00008000         xrw
FLASH            0x08000000         0x00100000         xr
*default*        0x00000000         0xffffffff

Linker script and memory map

LOAD d:/ac6/systemworkbench/plugins/fr.ac6.mcu.externaltools.arm-none.win32_1.17.0.201812190825/tools/compiler/bin/../lib/gcc/arm-none-eabi/7.3.1/thumb/v7e-m/fpv4-sp/hard/crti.o
LOAD d:/ac6/systemworkbench/plugins/fr.ac6.mcu.externaltools.arm-none.win32_1.17.0.201812190825/tools/compiler/bin/../lib/gcc/arm-none-eabi/7.3.1/thumb/v7e-m/fpv4-sp/hard/crtbegin.o
LOAD d:/ac6/systemworkbench/plugins/fr.ac6.mcu.externaltools.arm-none.win32_1.17.0.201812190825/tools/compiler/bin/../lib/gcc/arm-none-eabi/7.3.1/../../../../arm-none-eabi/lib/thumb/v7e-m/fpv4-sp/hard/crt0.o
LOAD Drivers/STM32L4xx_HAL_Driver/Src/stm32l4xx_hal.o
LOAD Drivers/STM32L4xx_HAL_Driver/Src/stm32l4xx_hal_cortex.o
LOAD Drivers/STM32L4xx_HAL_Driver/Src/stm32l4xx_hal_dma.o
LOAD Drivers/STM32L4xx_HAL_Driver/Src/stm32l4xx_hal_dma_ex.o
LOAD Drivers/STM32L4xx_HAL_Driver/Src/stm32l4xx_hal_exti.o
LOAD Drivers/STM32L4xx_HAL_Driver/Src/stm32l4xx_hal_flash.o
LOAD Drivers/STM32L4xx_HAL_Driver/Src/stm32l4xx_hal_flash_ex.o
LOAD Drivers/STM32L4xx_HAL_Driver/Src/stm32l4xx_hal_flash_ramfunc.o
LOAD Drivers/STM32L4xx_HAL_Driver/Src/stm32l4xx_hal_gpio.o
LOAD Drivers/STM32L4xx_HAL_Driver/Src/stm32l4xx_hal_hcd.o
LOAD Drivers/STM32L4xx_HAL_Driver/Src/stm32l4xx_hal_i2c.o
LOAD Drivers/STM32L4xx_HAL_Driver/Src/stm32l4xx_hal_i2c_ex.o
LOAD Drivers/STM32L4xx_HAL_Driver/Src/stm32l4xx_hal_lcd.o
LOAD Drivers/STM32L4xx_HAL_Driver/Src/stm32l4xx_hal_pwr.o
LOAD Drivers/STM32L4xx_HAL_Driver/Src/stm32l4xx_hal_pwr_ex.o
LOAD Drivers/STM32L4xx_HAL_Driver/Src/stm32l4xx_hal_qspi.o
LOAD Drivers/STM32L4xx_HAL_Driver/Src/stm32l4xx_hal_rcc.o
LOAD Drivers/STM32L4xx_HAL_Driver/Src/stm32l4xx_hal_rcc_ex.o
LOAD Drivers/STM32L4xx_HAL_Driver/Src/stm32l4xx_hal_sai.o
LOAD Drivers/STM32L4xx_HAL_Driver/Src/stm32l4xx_hal_sai_ex.o
LOAD Drivers/STM32L4xx_HAL_Driver/Src/stm32l4xx_hal_spi.o
LOAD Drivers/STM32L4xx_HAL_Driver/Src/stm32l4xx_hal_spi_ex.o
LOAD Drivers/STM32L4xx_HAL_Driver/Src/stm32l4xx_hal_tim.o
LOAD Drivers/STM32L4xx_HAL_Driver/Src/stm32l4xx_hal_tim_ex.o
LOAD Drivers/STM32L4xx_HAL_Driver/Src/stm32l4xx_hal_uart.o
LOAD Drivers/STM32L4xx_HAL_Driver/Src/stm32l4xx_hal_uart_ex.o
LOAD Drivers/STM32L4xx_HAL_Driver/Src/stm32l4xx_ll_usb.o
LOAD Middlewares/ST/STM32_USB_Host_Library/Class/CDC/Src/usbh_cdc.o
LOAD Middlewares/ST/STM32_USB_Host_Library/Core/Src/usbh_core.o
LOAD Middlewares/ST/STM32_USB_Host_Library/Core/Src/usbh_ctlreq.o
LOAD Middlewares/ST/STM32_USB_Host_Library/Core/Src/usbh_ioreq.o
LOAD Middlewares/ST/STM32_USB_Host_Library/Core/Src/usbh_pipes.o
LOAD Src/l3gd20.o
LOAD Src/main.o
LOAD Src/stm32l4xx_hal_msp.o
LOAD Src/stm32l4xx_it.o
LOAD Src/syscalls.o
LOAD Src/system_stm32l4xx.o
LOAD Src/usb_host.o
LOAD Src/usbh_conf.o
LOAD Src/usbh_platform.o
LOAD startup/startup_stm32l476xx.o
LOAD d:/ac6/systemworkbench/plugins/fr.ac6.mcu.externaltools.arm-none.win32_1.17.0.201812190825/tools/compiler/bin/../lib/gcc/arm-none-eabi/7.3.1/../../../../arm-none-eabi/lib/thumb/v7e-m/fpv4-sp/hard\libm.a
START GROUP
LOAD d:/ac6/systemworkbench/plugins/fr.ac6.mcu.externaltools.arm-none.win32_1.17.0.201812190825/tools/compiler/bin/../lib/gcc/arm-none-eabi/7.3.1/thumb/v7e-m/fpv4-sp/hard\libgcc.a
LOAD d:/ac6/systemworkbench/plugins/fr.ac6.mcu.externaltools.arm-none.win32_1.17.0.201812190825/tools/compiler/bin/../lib/gcc/arm-none-eabi/7.3.1/../../../../arm-none-eabi/lib/thumb/v7e-m/fpv4-sp/hard\libc_nano.a
END GROUP
START GROUP
LOAD d:/ac6/systemworkbench/plugins/fr.ac6.mcu.externaltools.arm-none.win32_1.17.0.201812190825/tools/compiler/bin/../lib/gcc/arm-none-eabi/7.3.1/thumb/v7e-m/fpv4-sp/hard\libgcc.a
LOAD d:/ac6/systemworkbench/plugins/fr.ac6.mcu.externaltools.arm-none.win32_1.17.0.201812190825/tools/compiler/bin/../lib/gcc/arm-none-eabi/7.3.1/../../../../arm-none-eabi/lib/thumb/v7e-m/fpv4-sp/hard\libc_nano.a
LOAD d:/ac6/systemworkbench/plugins/fr.ac6.mcu.externaltools.arm-none.win32_1.17.0.201812190825/tools/compiler/bin/../lib/gcc/arm-none-eabi/7.3.1/../../../../arm-none-eabi/lib/thumb/v7e-m/fpv4-sp/hard\libnosys.a
END GROUP
START GROUP
LOAD d:/ac6/systemworkbench/plugins/fr.ac6.mcu.externaltools.arm-none.win32_1.17.0.201812190825/tools/compiler/bin/../lib/gcc/arm-none-eabi/7.3.1/thumb/v7e-m/fpv4-sp/hard\libgcc.a
LOAD d:/ac6/systemworkbench/plugins/fr.ac6.mcu.externaltools.arm-none.win32_1.17.0.201812190825/tools/compiler/bin/../lib/gcc/arm-none-eabi/7.3.1/../../../../arm-none-eabi/lib/thumb/v7e-m/fpv4-sp/hard\libc_nano.a
LOAD d:/ac6/systemworkbench/plugins/fr.ac6.mcu.externaltools.arm-none.win32_1.17.0.201812190825/tools/compiler/bin/../lib/gcc/arm-none-eabi/7.3.1/../../../../arm-none-eabi/lib/thumb/v7e-m/fpv4-sp/hard\libnosys.a
END GROUP
LOAD d:/ac6/systemworkbench/plugins/fr.ac6.mcu.externaltools.arm-none.win32_1.17.0.201812190825/tools/compiler/bin/../lib/gcc/arm-none-eabi/7.3.1/thumb/v7e-m/fpv4-sp/hard/crtend.o
LOAD d:/ac6/systemworkbench/plugins/fr.ac6.mcu.externaltools.arm-none.win32_1.17.0.201812190825/tools/compiler/bin/../lib/gcc/arm-none-eabi/7.3.1/thumb/v7e-m/fpv4-sp/hard/crtn.o
                0x20018000                _estack = 0x20018000
                0x00000200                _Min_Heap_Size = 0x200
                0x00000400                _Min_Stack_Size = 0x400

.isr_vector     0x08000000      0x188
                0x08000000                . = ALIGN (0x8)
 *(.isr_vector)
 .isr_vector    0x08000000      0x188 startup/startup_stm32l476xx.o
                0x08000000                g_pfnVectors
                0x08000188                . = ALIGN (0x8)

.text           0x08000188     0x62f0
                0x08000188                . = ALIGN (0x8)
 *(.text)
 .text          0x08000188       0x40 d:/ac6/systemworkbench/plugins/fr.ac6.mcu.externaltools.arm-none.win32_1.17.0.201812190825/tools/compiler/bin/../lib/gcc/arm-none-eabi/7.3.1/thumb/v7e-m/fpv4-sp/hard/crtbegin.o
 .text          0x080001c8       0x30 d:/ac6/systemworkbench/plugins/fr.ac6.mcu.externaltools.arm-none.win32_1.17.0.201812190825/tools/compiler/bin/../lib/gcc/arm-none-eabi/7.3.1/thumb/v7e-m/fpv4-sp/hard\libgcc.a(_aeabi_uldivmod.o)
                0x080001c8                __aeabi_uldivmod
 .text          0x080001f8      0x2cc d:/ac6/systemworkbench/plugins/fr.ac6.mcu.externaltools.arm-none.win32_1.17.0.201812190825/tools/compiler/bin/../lib/gcc/arm-none-eabi/7.3.1/thumb/v7e-m/fpv4-sp/hard\libgcc.a(_udivmoddi4.o)
                0x080001f8                __udivmoddi4
 .text          0x080004c4        0x4 d:/ac6/systemworkbench/plugins/fr.ac6.mcu.externaltools.arm-none.win32_1.17.0.201812190825/tools/compiler/bin/../lib/gcc/arm-none-eabi/7.3.1/thumb/v7e-m/fpv4-sp/hard\libgcc.a(_dvmd_tls.o)
                0x080004c4                __aeabi_idiv0
                0x080004c4                __aeabi_ldiv0
 *(.text*)
 .text.HAL_InitTick
                0x080004c8       0x4c Drivers/STM32L4xx_HAL_Driver/Src/stm32l4xx_hal.o
                0x080004c8                HAL_InitTick
 .text.HAL_Init
                0x08000514       0x2c Drivers/STM32L4xx_HAL_Driver/Src/stm32l4xx_hal.o
                0x08000514                HAL_Init
 .text.HAL_IncTick
                0x08000540       0x18 Drivers/STM32L4xx_HAL_Driver/Src/stm32l4xx_hal.o
                0x08000540                HAL_IncTick
 .text.HAL_GetTick
                0x08000558        0xc Drivers/STM32L4xx_HAL_Driver/Src/stm32l4xx_hal.o
                0x08000558                HAL_GetTick
 .text.HAL_Delay
                0x08000564       0x28 Drivers/STM32L4xx_HAL_Driver/Src/stm32l4xx_hal.o
                0x08000564                HAL_Delay
 .text.HAL_NVIC_SetPriorityGrouping
                0x0800058c       0x24 Drivers/STM32L4xx_HAL_Driver/Src/stm32l4xx_hal_cortex.o
                0x0800058c                HAL_NVIC_SetPriorityGrouping
 .text.HAL_NVIC_SetPriority
                0x080005b0       0x68 Drivers/STM32L4xx_HAL_Driver/Src/stm32l4xx_hal_cortex.o
                0x080005b0                HAL_NVIC_SetPriority
 .text.HAL_NVIC_EnableIRQ
                0x08000618       0x1c Drivers/STM32L4xx_HAL_Driver/Src/stm32l4xx_hal_cortex.o
                0x08000618                HAL_NVIC_EnableIRQ
 .text.HAL_SYSTICK_Config
                0x08000634       0x2c Drivers/STM32L4xx_HAL_Driver/Src/stm32l4xx_hal_cortex.o
                0x08000634                HAL_SYSTICK_Config
 .text.HAL_GPIO_Init
                0x08000660      0x1d4 Drivers/STM32L4xx_HAL_Driver/Src/stm32l4xx_hal_gpio.o
                0x08000660                HAL_GPIO_Init
 .text.HAL_GPIO_WritePin
                0x08000834        0xa Drivers/STM32L4xx_HAL_Driver/Src/stm32l4xx_hal_gpio.o
                0x08000834                HAL_GPIO_WritePin
 *fill*         0x0800083e        0x2 
 .text.HCD_RXQLVL_IRQHandler
                0x08000840       0x7c Drivers/STM32L4xx_HAL_Driver/Src/stm32l4xx_hal_hcd.o
 .text.HAL_HCD_HC_Init
                0x080008bc       0xa0 Drivers/STM32L4xx_HAL_Driver/Src/stm32l4xx_hal_hcd.o
                0x080008bc                HAL_HCD_HC_Init
 .text.HAL_HCD_HC_Halt
                0x0800095c       0x24 Drivers/STM32L4xx_HAL_Driver/Src/stm32l4xx_hal_hcd.o
                0x0800095c                HAL_HCD_HC_Halt
 .text.HAL_HCD_Init
                0x08000980       0x94 Drivers/STM32L4xx_HAL_Driver/Src/stm32l4xx_hal_hcd.o
                0x08000980                HAL_HCD_Init
 .text.HAL_HCD_HC_SubmitRequest
                0x08000a14      0x18c Drivers/STM32L4xx_HAL_Driver/Src/stm32l4xx_hal_hcd.o
                0x08000a14                HAL_HCD_HC_SubmitRequest
 .text.HCD_Port_IRQHandler
                0x08000ba0       0xd4 Drivers/STM32L4xx_HAL_Driver/Src/stm32l4xx_hal_hcd.o
 .text.HCD_HC_IN_IRQHandler
                0x08000c74      0x29a Drivers/STM32L4xx_HAL_Driver/Src/stm32l4xx_hal_hcd.o
 .text.HCD_HC_OUT_IRQHandler
                0x08000f0e      0x2b0 Drivers/STM32L4xx_HAL_Driver/Src/stm32l4xx_hal_hcd.o
 .text.HAL_HCD_IRQHandler
                0x080011be      0x148 Drivers/STM32L4xx_HAL_Driver/Src/stm32l4xx_hal_hcd.o
                0x080011be                HAL_HCD_IRQHandler
 .text.HAL_HCD_Start
                0x08001306       0x2c Drivers/STM32L4xx_HAL_Driver/Src/stm32l4xx_hal_hcd.o
                0x08001306                HAL_HCD_Start
 .text.HAL_HCD_Stop
                0x08001332       0x24 Drivers/STM32L4xx_HAL_Driver/Src/stm32l4xx_hal_hcd.o
                0x08001332                HAL_HCD_Stop
 .text.HAL_HCD_ResetPort
                0x08001356        0xa Drivers/STM32L4xx_HAL_Driver/Src/stm32l4xx_hal_hcd.o
                0x08001356                HAL_HCD_ResetPort
 .text.HAL_HCD_HC_GetURBState
                0x08001360        0xe Drivers/STM32L4xx_HAL_Driver/Src/stm32l4xx_hal_hcd.o
                0x08001360                HAL_HCD_HC_GetURBState
 .text.HAL_HCD_HC_GetXferCount
                0x0800136e        0xc Drivers/STM32L4xx_HAL_Driver/Src/stm32l4xx_hal_hcd.o
                0x0800136e                HAL_HCD_HC_GetXferCount
 .text.HAL_HCD_GetCurrentFrame
                0x0800137a        0xa Drivers/STM32L4xx_HAL_Driver/Src/stm32l4xx_hal_hcd.o
                0x0800137a                HAL_HCD_GetCurrentFrame
 .text.HAL_HCD_GetCurrentSpeed
                0x08001384        0xa Drivers/STM32L4xx_HAL_Driver/Src/stm32l4xx_hal_hcd.o
                0x08001384                HAL_HCD_GetCurrentSpeed
 .text.HAL_I2C_Init
                0x0800138e       0xbc Drivers/STM32L4xx_HAL_Driver/Src/stm32l4xx_hal_i2c.o
                0x0800138e                HAL_I2C_Init
 .text.HAL_I2CEx_ConfigAnalogFilter
                0x0800144a       0x5c Drivers/STM32L4xx_HAL_Driver/Src/stm32l4xx_hal_i2c_ex.o
                0x0800144a                HAL_I2CEx_ConfigAnalogFilter
 .text.HAL_I2CEx_ConfigDigitalFilter
                0x080014a6       0x58 Drivers/STM32L4xx_HAL_Driver/Src/stm32l4xx_hal_i2c_ex.o
                0x080014a6                HAL_I2CEx_ConfigDigitalFilter
 .text.LCD_WaitForSynchro
                0x080014fe       0x2c Drivers/STM32L4xx_HAL_Driver/Src/stm32l4xx_hal_lcd.o
                0x080014fe                LCD_WaitForSynchro
 .text.HAL_LCD_Init
                0x0800152a      0x108 Drivers/STM32L4xx_HAL_Driver/Src/stm32l4xx_hal_lcd.o
                0x0800152a                HAL_LCD_Init
 *fill*         0x08001632        0x2 
 .text.HAL_PWR_EnableBkUpAccess
                0x08001634       0x10 Drivers/STM32L4xx_HAL_Driver/Src/stm32l4xx_hal_pwr.o
                0x08001634                HAL_PWR_EnableBkUpAccess
 .text.HAL_PWREx_GetVoltageRange
                0x08001644       0x10 Drivers/STM32L4xx_HAL_Driver/Src/stm32l4xx_hal_pwr_ex.o
                0x08001644                HAL_PWREx_GetVoltageRange
 .text.HAL_PWREx_ControlVoltageScaling
                0x08001654       0x90 Drivers/STM32L4xx_HAL_Driver/Src/stm32l4xx_hal_pwr_ex.o
                0x08001654                HAL_PWREx_ControlVoltageScaling
 .text.HAL_PWREx_EnableVddUSB
                0x080016e4       0x10 Drivers/STM32L4xx_HAL_Driver/Src/stm32l4xx_hal_pwr_ex.o
                0x080016e4                HAL_PWREx_EnableVddUSB
 .text.QSPI_WaitFlagStateUntilTimeout
                0x080016f4       0x4c Drivers/STM32L4xx_HAL_Driver/Src/stm32l4xx_hal_qspi.o
 .text.HAL_QSPI_SetTimeout
                0x08001740        0x4 Drivers/STM32L4xx_HAL_Driver/Src/stm32l4xx_hal_qspi.o
                0x08001740                HAL_QSPI_SetTimeout
 .text.HAL_QSPI_Init
                0x08001744       0xc0 Drivers/STM32L4xx_HAL_Driver/Src/stm32l4xx_hal_qspi.o
                0x08001744                HAL_QSPI_Init
 .text.RCC_SetFlashLatencyFromMSIRange
                0x08001804       0x90 Drivers/STM32L4xx_HAL_Driver/Src/stm32l4xx_hal_rcc.o
 .text.HAL_RCC_GetSysClockFreq
                0x08001894       0xb4 Drivers/STM32L4xx_HAL_Driver/Src/stm32l4xx_hal_rcc.o
                0x08001894                HAL_RCC_GetSysClockFreq
 .text.HAL_RCC_OscConfig
                0x08001948      0x5dc Drivers/STM32L4xx_HAL_Driver/Src/stm32l4xx_hal_rcc.o
                0x08001948                HAL_RCC_OscConfig
 .text.HAL_RCC_ClockConfig
                0x08001f24      0x158 Drivers/STM32L4xx_HAL_Driver/Src/stm32l4xx_hal_rcc.o
                0x08001f24                HAL_RCC_ClockConfig
 .text.HAL_RCC_GetHCLKFreq
                0x0800207c        0xc Drivers/STM32L4xx_HAL_Driver/Src/stm32l4xx_hal_rcc.o
                0x0800207c                HAL_RCC_GetHCLKFreq
 .text.HAL_RCC_GetPCLK1Freq
                0x08002088       0x24 Drivers/STM32L4xx_HAL_Driver/Src/stm32l4xx_hal_rcc.o
                0x08002088                HAL_RCC_GetPCLK1Freq
 .text.HAL_RCC_GetPCLK2Freq
                0x080020ac       0x24 Drivers/STM32L4xx_HAL_Driver/Src/stm32l4xx_hal_rcc.o
                0x080020ac                HAL_RCC_GetPCLK2Freq
 .text.RCCEx_GetSAIxPeriphCLKFreq
                0x080020d0      0x108 Drivers/STM32L4xx_HAL_Driver/Src/stm32l4xx_hal_rcc_ex.o
 .text.RCCEx_PLLSAI1_Config
                0x080021d8      0x170 Drivers/STM32L4xx_HAL_Driver/Src/stm32l4xx_hal_rcc_ex.o
 .text.RCCEx_PLLSAI2_Config
                0x08002348      0x14c Drivers/STM32L4xx_HAL_Driver/Src/stm32l4xx_hal_rcc_ex.o
 .text.HAL_RCCEx_PeriphCLKConfig
                0x08002494      0x450 Drivers/STM32L4xx_HAL_Driver/Src/stm32l4xx_hal_rcc_ex.o
                0x08002494                HAL_RCCEx_PeriphCLKConfig
 .text.HAL_RCCEx_GetPeriphCLKFreq
                0x080028e4      0x748 Drivers/STM32L4xx_HAL_Driver/Src/stm32l4xx_hal_rcc_ex.o
                0x080028e4                HAL_RCCEx_GetPeriphCLKFreq
 .text.HAL_RCCEx_EnableMSIPLLMode
                0x0800302c       0x10 Drivers/STM32L4xx_HAL_Driver/Src/stm32l4xx_hal_rcc_ex.o
                0x0800302c                HAL_RCCEx_EnableMSIPLLMode
 .text.SAI_Disable
                0x0800303c       0x44 Drivers/STM32L4xx_HAL_Driver/Src/stm32l4xx_hal_sai.o
 .text.HAL_SAI_Init
                0x08003080      0x1d4 Drivers/STM32L4xx_HAL_Driver/Src/stm32l4xx_hal_sai.o
                0x08003080                HAL_SAI_Init
 .text.SPI_WaitFlagStateUntilTimeout
                0x08003254       0x90 Drivers/STM32L4xx_HAL_Driver/Src/stm32l4xx_hal_spi.o
 .text.SPI_WaitFifoStateUntilTimeout
                0x080032e4       0x98 Drivers/STM32L4xx_HAL_Driver/Src/stm32l4xx_hal_spi.o
 .text.SPI_EndRxTxTransaction
                0x0800337c       0x66 Drivers/STM32L4xx_HAL_Driver/Src/stm32l4xx_hal_spi.o
 .text.HAL_SPI_Init
                0x080033e2       0xb0 Drivers/STM32L4xx_HAL_Driver/Src/stm32l4xx_hal_spi.o
                0x080033e2                HAL_SPI_Init
 .text.HAL_SPI_Transmit
                0x08003492      0x1dc Drivers/STM32L4xx_HAL_Driver/Src/stm32l4xx_hal_spi.o
                0x08003492                HAL_SPI_Transmit
 .text.HAL_SPI_TransmitReceive
                0x0800366e      0x2ce Drivers/STM32L4xx_HAL_Driver/Src/stm32l4xx_hal_spi.o
                0x0800366e                HAL_SPI_TransmitReceive
 .text.UART_SetConfig
                0x0800393c      0x424 Drivers/STM32L4xx_HAL_Driver/Src/stm32l4xx_hal_uart.o
                0x0800393c                UART_SetConfig
 .text.UART_AdvFeatureConfig
                0x08003d60       0xca Drivers/STM32L4xx_HAL_Driver/Src/stm32l4xx_hal_uart.o
                0x08003d60                UART_AdvFeatureConfig
 .text.UART_WaitOnFlagUntilTimeout
                0x08003e2a       0x60 Drivers/STM32L4xx_HAL_Driver/Src/stm32l4xx_hal_uart.o
                0x08003e2a                UART_WaitOnFlagUntilTimeout
 .text.UART_CheckIdleState
                0x08003e8a       0x6c Drivers/STM32L4xx_HAL_Driver/Src/stm32l4xx_hal_uart.o
                0x08003e8a                UART_CheckIdleState
 .text.HAL_UART_Init
                0x08003ef6       0x62 Drivers/STM32L4xx_HAL_Driver/Src/stm32l4xx_hal_uart.o
                0x08003ef6                HAL_UART_Init
 .text.USB_CoreReset
                0x08003f58       0x3c Drivers/STM32L4xx_HAL_Driver/Src/stm32l4xx_ll_usb.o
 .text.USB_CoreInit
                0x08003f94       0x72 Drivers/STM32L4xx_HAL_Driver/Src/stm32l4xx_ll_usb.o
                0x08003f94                USB_CoreInit
 .text.USB_EnableGlobalInt
                0x08004006        0xc Drivers/STM32L4xx_HAL_Driver/Src/stm32l4xx_ll_usb.o
                0x08004006                USB_EnableGlobalInt
 .text.USB_DisableGlobalInt
                0x08004012        0xc Drivers/STM32L4xx_HAL_Driver/Src/stm32l4xx_ll_usb.o
                0x08004012                USB_DisableGlobalInt
 .text.USB_SetCurrentMode
                0x0800401e       0x30 Drivers/STM32L4xx_HAL_Driver/Src/stm32l4xx_ll_usb.o
                0x0800401e                USB_SetCurrentMode
 *fill*         0x0800404e        0x2 
 .text.USB_FlushTxFifo
                0x08004050       0x28 Drivers/STM32L4xx_HAL_Driver/Src/stm32l4xx_ll_usb.o
                0x08004050                USB_FlushTxFifo
 .text.USB_FlushRxFifo
                0x08004078       0x24 Drivers/STM32L4xx_HAL_Driver/Src/stm32l4xx_ll_usb.o
                0x08004078                USB_FlushRxFifo
 .text.USB_WritePacket
                0x0800409c       0x24 Drivers/STM32L4xx_HAL_Driver/Src/stm32l4xx_ll_usb.o
                0x0800409c                USB_WritePacket
 .text.USB_ReadPacket
                0x080040c0       0x28 Drivers/STM32L4xx_HAL_Driver/Src/stm32l4xx_ll_usb.o
                0x080040c0                USB_ReadPacket
 .text.USB_ReadInterrupts
                0x080040e8        0x8 Drivers/STM32L4xx_HAL_Driver/Src/stm32l4xx_ll_usb.o
                0x080040e8                USB_ReadInterrupts
 .text.USB_GetMode
                0x080040f0        0x8 Drivers/STM32L4xx_HAL_Driver/Src/stm32l4xx_ll_usb.o
                0x080040f0                USB_GetMode
 .text.USB_InitFSLSPClkSel
                0x080040f8       0x40 Drivers/STM32L4xx_HAL_Driver/Src/stm32l4xx_ll_usb.o
                0x080040f8                USB_InitFSLSPClkSel
 .text.USB_ResetPort
                0x08004138       0x3e Drivers/STM32L4xx_HAL_Driver/Src/stm32l4xx_ll_usb.o
                0x08004138                USB_ResetPort
 .text.USB_DriveVbus
                0x08004176       0x46 Drivers/STM32L4xx_HAL_Driver/Src/stm32l4xx_ll_usb.o
                0x08004176                USB_DriveVbus
 .text.USB_HostInit
                0x080041bc       0xa4 Drivers/STM32L4xx_HAL_Driver/Src/stm32l4xx_ll_usb.o
                0x080041bc                USB_HostInit
 .text.USB_GetHostSpeed
                0x08004260       0x16 Drivers/STM32L4xx_HAL_Driver/Src/stm32l4xx_ll_usb.o
                0x08004260                USB_GetHostSpeed
 .text.USB_GetCurrentFrame
                0x08004276        0xa Drivers/STM32L4xx_HAL_Driver/Src/stm32l4xx_ll_usb.o
                0x08004276                USB_GetCurrentFrame
 .text.USB_HC_Init
                0x08004280       0xf4 Drivers/STM32L4xx_HAL_Driver/Src/stm32l4xx_ll_usb.o
                0x08004280                USB_HC_Init
 .text.USB_HC_StartXfer
                0x08004374      0x110 Drivers/STM32L4xx_HAL_Driver/Src/stm32l4xx_ll_usb.o
                0x08004374                USB_HC_StartXfer
 .text.USB_HC_ReadInterrupt
                0x08004484        0xa Drivers/STM32L4xx_HAL_Driver/Src/stm32l4xx_ll_usb.o
                0x08004484                USB_HC_ReadInterrupt
 .text.USB_HC_Halt
                0x0800448e       0xd0 Drivers/STM32L4xx_HAL_Driver/Src/stm32l4xx_ll_usb.o
                0x0800448e                USB_HC_Halt
 .text.USB_StopHost
                0x0800455e       0x7e Drivers/STM32L4xx_HAL_Driver/Src/stm32l4xx_ll_usb.o
                0x0800455e                USB_StopHost
 .text.USBH_CDC_SOFProcess
                0x080045dc        0x4 Middlewares/ST/STM32_USB_Host_Library/Class/CDC/Src/usbh_cdc.o
 .text.SetLineCoding
                0x080045e0       0x1a Middlewares/ST/STM32_USB_Host_Library/Class/CDC/Src/usbh_cdc.o
 .text.GetLineCoding
                0x080045fa       0x1a Middlewares/ST/STM32_USB_Host_Library/Class/CDC/Src/usbh_cdc.o
 .text.USBH_CDC_ClassRequest
                0x08004614       0x22 Middlewares/ST/STM32_USB_Host_Library/Class/CDC/Src/usbh_cdc.o
 .text.USBH_CDC_InterfaceDeInit
                0x08004636       0x68 Middlewares/ST/STM32_USB_Host_Library/Class/CDC/Src/usbh_cdc.o
 .text.USBH_CDC_InterfaceInit
                0x0800469e      0x160 Middlewares/ST/STM32_USB_Host_Library/Class/CDC/Src/usbh_cdc.o
 .text.USBH_CDC_TransmitCallback
                0x080047fe        0x2 Middlewares/ST/STM32_USB_Host_Library/Class/CDC/Src/usbh_cdc.o
                0x080047fe                USBH_CDC_TransmitCallback
 .text.CDC_ProcessTransmission
                0x08004800       0x94 Middlewares/ST/STM32_USB_Host_Library/Class/CDC/Src/usbh_cdc.o
 .text.USBH_CDC_ReceiveCallback
                0x08004894        0x2 Middlewares/ST/STM32_USB_Host_Library/Class/CDC/Src/usbh_cdc.o
                0x08004894                USBH_CDC_ReceiveCallback
 .text.CDC_ProcessReception
                0x08004896       0x68 Middlewares/ST/STM32_USB_Host_Library/Class/CDC/Src/usbh_cdc.o
 .text.USBH_CDC_LineCodingChanged
                0x080048fe        0x2 Middlewares/ST/STM32_USB_Host_Library/Class/CDC/Src/usbh_cdc.o
                0x080048fe                USBH_CDC_LineCodingChanged
 .text.USBH_CDC_Process
                0x08004900       0xb8 Middlewares/ST/STM32_USB_Host_Library/Class/CDC/Src/usbh_cdc.o
 .text.DeInitStateMachine
                0x080049b8       0x4a Middlewares/ST/STM32_USB_Host_Library/Core/Src/usbh_core.o
 .text.USBH_HandleSof
                0x08004a02       0x1a Middlewares/ST/STM32_USB_Host_Library/Core/Src/usbh_core.o
 .text.USBH_HandleEnum
                0x08004a1c      0x16e Middlewares/ST/STM32_USB_Host_Library/Core/Src/usbh_core.o
 .text.USBH_Init
                0x08004b8a       0x2e Middlewares/ST/STM32_USB_Host_Library/Core/Src/usbh_core.o
                0x08004b8a                USBH_Init
 .text.USBH_RegisterClass
                0x08004bb8       0x24 Middlewares/ST/STM32_USB_Host_Library/Core/Src/usbh_core.o
                0x08004bb8                USBH_RegisterClass
 .text.USBH_SelectInterface
                0x08004bdc       0x14 Middlewares/ST/STM32_USB_Host_Library/Core/Src/usbh_core.o
                0x08004bdc                USBH_SelectInterface
 .text.USBH_FindInterface
                0x08004bf0       0x50 Middlewares/ST/STM32_USB_Host_Library/Core/Src/usbh_core.o
                0x08004bf0                USBH_FindInterface
 .text.USBH_Start
                0x08004c40       0x14 Middlewares/ST/STM32_USB_Host_Library/Core/Src/usbh_core.o
                0x08004c40                USBH_Start
 .text.USBH_LL_SetTimer
                0x08004c54        0x6 Middlewares/ST/STM32_USB_Host_Library/Core/Src/usbh_core.o
                0x08004c54                USBH_LL_SetTimer
 .text.USBH_LL_IncTimer
                0x08004c5a       0x12 Middlewares/ST/STM32_USB_Host_Library/Core/Src/usbh_core.o
                0x08004c5a                USBH_LL_IncTimer
 .text.USBH_LL_PortEnabled
                0x08004c6c        0x8 Middlewares/ST/STM32_USB_Host_Library/Core/Src/usbh_core.o
                0x08004c6c                USBH_LL_PortEnabled
 .text.USBH_LL_PortDisabled
                0x08004c74        0x8 Middlewares/ST/STM32_USB_Host_Library/Core/Src/usbh_core.o
                0x08004c74                USBH_LL_PortDisabled
 .text.USBH_IsPortEnabled
                0x08004c7c        0x6 Middlewares/ST/STM32_USB_Host_Library/Core/Src/usbh_core.o
                0x08004c7c                USBH_IsPortEnabled
 .text.USBH_Process
                0x08004c82      0x1ec Middlewares/ST/STM32_USB_Host_Library/Core/Src/usbh_core.o
                0x08004c82                USBH_Process
 .text.USBH_LL_Connect
                0x08004e6e       0x28 Middlewares/ST/STM32_USB_Host_Library/Core/Src/usbh_core.o
                0x08004e6e                USBH_LL_Connect
 .text.USBH_LL_Disconnect
                0x08004e96       0x38 Middlewares/ST/STM32_USB_Host_Library/Core/Src/usbh_core.o
                0x08004e96                USBH_LL_Disconnect
 .text.USBH_ParseDevDesc
                0x08004ece       0x5c Middlewares/ST/STM32_USB_Host_Library/Core/Src/usbh_ctlreq.o
 .text.USBH_ParseInterfaceDesc
                0x08004f2a       0x26 Middlewares/ST/STM32_USB_Host_Library/Core/Src/usbh_ctlreq.o
 .text.USBH_ParseEPDesc
                0x08004f50       0x20 Middlewares/ST/STM32_USB_Host_Library/Core/Src/usbh_ctlreq.o
 .text.USBH_ParseStringDesc
                0x08004f70       0x3c Middlewares/ST/STM32_USB_Host_Library/Core/Src/usbh_ctlreq.o
 .text.USBH_HandleControl
                0x08004fac      0x1d0 Middlewares/ST/STM32_USB_Host_Library/Core/Src/usbh_ctlreq.o
 .text.USBH_GetNextDesc
                0x0800517c        0xe Middlewares/ST/STM32_USB_Host_Library/Core/Src/usbh_ctlreq.o
                0x0800517c                USBH_GetNextDesc
 .text.USBH_ParseCfgDesc
                0x0800518a       0xc2 Middlewares/ST/STM32_USB_Host_Library/Core/Src/usbh_ctlreq.o
 .text.USBH_CtlReq
                0x0800524c       0x4e Middlewares/ST/STM32_USB_Host_Library/Core/Src/usbh_ctlreq.o
                0x0800524c                USBH_CtlReq
 .text.USBH_GetDescriptor
                0x0800529a       0x3c Middlewares/ST/STM32_USB_Host_Library/Core/Src/usbh_ctlreq.o
                0x0800529a                USBH_GetDescriptor
 .text.USBH_Get_DevDesc
                0x080052d6       0x32 Middlewares/ST/STM32_USB_Host_Library/Core/Src/usbh_ctlreq.o
                0x080052d6                USBH_Get_DevDesc
 .text.USBH_Get_CfgDesc
                0x08005308       0x32 Middlewares/ST/STM32_USB_Host_Library/Core/Src/usbh_ctlreq.o
                0x08005308                USBH_Get_CfgDesc
 .text.USBH_Get_StringDesc
                0x0800533a       0x30 Middlewares/ST/STM32_USB_Host_Library/Core/Src/usbh_ctlreq.o
                0x0800533a                USBH_Get_StringDesc
 .text.USBH_SetAddress
                0x0800536a       0x22 Middlewares/ST/STM32_USB_Host_Library/Core/Src/usbh_ctlreq.o
                0x0800536a                USBH_SetAddress
 .text.USBH_SetCfg
                0x0800538c       0x22 Middlewares/ST/STM32_USB_Host_Library/Core/Src/usbh_ctlreq.o
                0x0800538c                USBH_SetCfg
 .text.USBH_SetFeature
                0x080053ae       0x22 Middlewares/ST/STM32_USB_Host_Library/Core/Src/usbh_ctlreq.o
                0x080053ae                USBH_SetFeature
 .text.USBH_ClrFeature
                0x080053d0       0x24 Middlewares/ST/STM32_USB_Host_Library/Core/Src/usbh_ctlreq.o
                0x080053d0                USBH_ClrFeature
 .text.USBH_CtlSendSetup
                0x080053f4       0x22 Middlewares/ST/STM32_USB_Host_Library/Core/Src/usbh_ioreq.o
                0x080053f4                USBH_CtlSendSetup
 .text.USBH_CtlSendData
                0x08005416       0x2c Middlewares/ST/STM32_USB_Host_Library/Core/Src/usbh_ioreq.o
                0x08005416                USBH_CtlSendData
 .text.USBH_CtlReceiveData
                0x08005442       0x20 Middlewares/ST/STM32_USB_Host_Library/Core/Src/usbh_ioreq.o
                0x08005442                USBH_CtlReceiveData
 .text.USBH_BulkSendData
                0x08005462       0x2c Middlewares/ST/STM32_USB_Host_Library/Core/Src/usbh_ioreq.o
                0x08005462                USBH_BulkSendData
 .text.USBH_BulkReceiveData
                0x0800548e       0x20 Middlewares/ST/STM32_USB_Host_Library/Core/Src/usbh_ioreq.o
                0x0800548e                USBH_BulkReceiveData
 .text.USBH_GetFreePipe
                0x080054ae       0x24 Middlewares/ST/STM32_USB_Host_Library/Core/Src/usbh_pipes.o
 .text.USBH_OpenPipe
                0x080054d2       0x20 Middlewares/ST/STM32_USB_Host_Library/Core/Src/usbh_pipes.o
                0x080054d2                USBH_OpenPipe
 .text.USBH_ClosePipe
                0x080054f2        0xa Middlewares/ST/STM32_USB_Host_Library/Core/Src/usbh_pipes.o
                0x080054f2                USBH_ClosePipe
 .text.USBH_AllocPipe
                0x080054fc       0x22 Middlewares/ST/STM32_USB_Host_Library/Core/Src/usbh_pipes.o
                0x080054fc                USBH_AllocPipe
 .text.USBH_FreePipe
                0x0800551e       0x16 Middlewares/ST/STM32_USB_Host_Library/Core/Src/usbh_pipes.o
                0x0800551e                USBH_FreePipe
 .text.MX_GPIO_Init
                0x08005534      0x1ec Src/main.o
 .text.MX_I2C1_Init
                0x08005720       0x44 Src/main.o
 .text.MX_I2C2_Init
                0x08005764       0x44 Src/main.o
 .text.MX_LCD_Init
                0x080057a8       0x34 Src/main.o
 .text.MX_QUADSPI_Init
                0x080057dc       0x28 Src/main.o
 .text.MX_SAI1_Init
                0x08005804       0x94 Src/main.o
 .text.MX_SPI2_Init
                0x08005898       0x44 Src/main.o
 .text.MX_USART2_UART_Init
                0x080058dc       0x30 Src/main.o
 .text.SystemClock_Config
                0x0800590c       0xc0 Src/main.o
                0x0800590c                SystemClock_Config
 .text.main     0x080059cc       0xb8 Src/main.o
                0x080059cc                main
 .text.Error_Handler
                0x08005a84        0x2 Src/main.o
                0x08005a84                Error_Handler
 *fill*         0x08005a86        0x2 
 .text.HAL_MspInit
                0x08005a88       0x30 Src/stm32l4xx_hal_msp.o
                0x08005a88                HAL_MspInit
 .text.HAL_I2C_MspInit
                0x08005ab8       0xbc Src/stm32l4xx_hal_msp.o
                0x08005ab8                HAL_I2C_MspInit
 .text.HAL_LCD_MspInit
                0x08005b74       0xe8 Src/stm32l4xx_hal_msp.o
                0x08005b74                HAL_LCD_MspInit
 .text.HAL_QSPI_MspInit
                0x08005c5c       0x70 Src/stm32l4xx_hal_msp.o
                0x08005c5c                HAL_QSPI_MspInit
 .text.HAL_SPI_MspInit
                0x08005ccc       0x68 Src/stm32l4xx_hal_msp.o
                0x08005ccc                HAL_SPI_MspInit
 .text.HAL_UART_MspInit
                0x08005d34       0x6c Src/stm32l4xx_hal_msp.o
                0x08005d34                HAL_UART_MspInit
 .text.HAL_SAI_MspInit
                0x08005da0       0xcc Src/stm32l4xx_hal_msp.o
                0x08005da0                HAL_SAI_MspInit
 .text.NMI_Handler
                0x08005e6c        0x2 Src/stm32l4xx_it.o
                0x08005e6c                NMI_Handler
 .text.HardFault_Handler
                0x08005e6e        0x2 Src/stm32l4xx_it.o
                0x08005e6e                HardFault_Handler
 .text.MemManage_Handler
                0x08005e70        0x2 Src/stm32l4xx_it.o
                0x08005e70                MemManage_Handler
 .text.BusFault_Handler
                0x08005e72        0x2 Src/stm32l4xx_it.o
                0x08005e72                BusFault_Handler
 .text.UsageFault_Handler
                0x08005e74        0x2 Src/stm32l4xx_it.o
                0x08005e74                UsageFault_Handler
 .text.SVC_Handler
                0x08005e76        0x2 Src/stm32l4xx_it.o
                0x08005e76                SVC_Handler
 .text.DebugMon_Handler
                0x08005e78        0x2 Src/stm32l4xx_it.o
                0x08005e78                DebugMon_Handler
 .text.PendSV_Handler
                0x08005e7a        0x2 Src/stm32l4xx_it.o
                0x08005e7a                PendSV_Handler
 .text.SysTick_Handler
                0x08005e7c        0x8 Src/stm32l4xx_it.o
                0x08005e7c                SysTick_Handler
 .text.OTG_FS_IRQHandler
                0x08005e84       0x10 Src/stm32l4xx_it.o
                0x08005e84                OTG_FS_IRQHandler
 .text._sbrk    0x08005e94       0x3c Src/syscalls.o
                0x08005e94                _sbrk
 .text.SystemInit
                0x08005ed0       0x48 Src/system_stm32l4xx.o
                0x08005ed0                SystemInit
 .text.USBH_UserProcess
                0x08005f18       0x2c Src/usb_host.o
 .text.MX_USB_HOST_Init
                0x08005f44       0x40 Src/usb_host.o
                0x08005f44                MX_USB_HOST_Init
 .text.MX_USB_HOST_Process
                0x08005f84       0x10 Src/usb_host.o
                0x08005f84                MX_USB_HOST_Process
 .text.HAL_HCD_MspInit
                0x08005f94       0xa0 Src/usbh_conf.o
                0x08005f94                HAL_HCD_MspInit
 .text.HAL_HCD_SOF_Callback
                0x08006034        0xc Src/usbh_conf.o
                0x08006034                HAL_HCD_SOF_Callback
 .text.HAL_HCD_Connect_Callback
                0x08006040        0xc Src/usbh_conf.o
                0x08006040                HAL_HCD_Connect_Callback
 .text.HAL_HCD_Disconnect_Callback
                0x0800604c        0xc Src/usbh_conf.o
                0x0800604c                HAL_HCD_Disconnect_Callback
 .text.HAL_HCD_HC_NotifyURBChange_Callback
                0x08006058        0x2 Src/usbh_conf.o
                0x08006058                HAL_HCD_HC_NotifyURBChange_Callback
 .text.HAL_HCD_PortEnabled_Callback
                0x0800605a        0xc Src/usbh_conf.o
                0x0800605a                HAL_HCD_PortEnabled_Callback
 .text.HAL_HCD_PortDisabled_Callback
                0x08006066        0xc Src/usbh_conf.o
                0x08006066                HAL_HCD_PortDisabled_Callback
 *fill*         0x08006072        0x2 
 .text.USBH_LL_Init
                0x08006074       0x54 Src/usbh_conf.o
                0x08006074                USBH_LL_Init
 .text.USBH_LL_GetSpeed
                0x080060c8       0x1c Src/usbh_conf.o
                0x080060c8                USBH_LL_GetSpeed
 .text.USBH_LL_GetLastXferSize
                0x080060e4        0xc Src/usbh_conf.o
                0x080060e4                USBH_LL_GetLastXferSize
 .text.USBH_LL_GetURBState
                0x080060f0        0xc Src/usbh_conf.o
                0x080060f0                USBH_LL_GetURBState
 .text.USBH_LL_DriverVBUS
                0x080060fc       0x1c Src/usbh_conf.o
                0x080060fc                USBH_LL_DriverVBUS
 .text.USBH_LL_SetToggle
                0x08006118       0x32 Src/usbh_conf.o
                0x08006118                USBH_LL_SetToggle
 .text.USBH_Delay
                0x0800614a        0x8 Src/usbh_conf.o
                0x0800614a                USBH_Delay
 .text.USBH_Get_USB_Status
                0x08006152       0x12 Src/usbh_conf.o
                0x08006152                USBH_Get_USB_Status
 .text.USBH_LL_Start
                0x08006164       0x10 Src/usbh_conf.o
                0x08006164                USBH_LL_Start
 .text.USBH_LL_Stop
                0x08006174       0x10 Src/usbh_conf.o
                0x08006174                USBH_LL_Stop
 .text.USBH_LL_ResetPort
                0x08006184       0x10 Src/usbh_conf.o
                0x08006184                USBH_LL_ResetPort
 .text.USBH_LL_OpenPipe
                0x08006194       0x26 Src/usbh_conf.o
                0x08006194                USBH_LL_OpenPipe
 .text.USBH_LL_ClosePipe
                0x080061ba       0x10 Src/usbh_conf.o
                0x080061ba                USBH_LL_ClosePipe
 .text.USBH_LL_SubmitURB
                0x080061ca       0x2a Src/usbh_conf.o
                0x080061ca                USBH_LL_SubmitURB
 .text.MX_DriverVbusFS
                0x080061f4       0x1c Src/usbh_platform.o
                0x080061f4                MX_DriverVbusFS
 .text.Reset_Handler
                0x08006210       0x50 startup/startup_stm32l476xx.o
                0x08006210                Reset_Handler
 .text.Default_Handler
                0x08006260        0x2 startup/startup_stm32l476xx.o
                0x08006260                RTC_Alarm_IRQHandler
                0x08006260                EXTI2_IRQHandler
                0x08006260                TIM8_TRG_COM_IRQHandler
                0x08006260                TIM8_CC_IRQHandler
                0x08006260                TIM1_CC_IRQHandler
                0x08006260                TSC_IRQHandler
                0x08006260                TAMP_STAMP_IRQHandler
                0x08006260                EXTI3_IRQHandler
                0x08006260                LPTIM2_IRQHandler
                0x08006260                DFSDM1_FLT1_IRQHandler
                0x08006260                I2C3_ER_IRQHandler
                0x08006260                DFSDM1_FLT2_IRQHandler
                0x08006260                EXTI0_IRQHandler
                0x08006260                I2C2_EV_IRQHandler
                0x08006260                CAN1_RX0_IRQHandler
                0x08006260                FPU_IRQHandler
                0x08006260                TIM1_UP_TIM16_IRQHandler
                0x08006260                ADC1_2_IRQHandler
                0x08006260                SPI1_IRQHandler
                0x08006260                TIM6_DAC_IRQHandler
                0x08006260                TIM8_UP_IRQHandler
                0x08006260                DMA2_Channel2_IRQHandler
                0x08006260                DMA1_Channel4_IRQHandler
                0x08006260                SAI2_IRQHandler
                0x08006260                DFSDM1_FLT3_IRQHandler
                0x08006260                USART3_IRQHandler
                0x08006260                DMA1_Channel7_IRQHandler
                0x08006260                CAN1_RX1_IRQHandler
                0x08006260                LCD_IRQHandler
                0x08006260                UART5_IRQHandler
                0x08006260                ADC3_IRQHandler
                0x08006260                TIM4_IRQHandler
                0x08006260                DMA2_Channel1_IRQHandler
                0x08006260                QUADSPI_IRQHandler
                0x08006260                I2C1_EV_IRQHandler
                0x08006260                DMA1_Channel6_IRQHandler
                0x08006260                UART4_IRQHandler
                0x08006260                DMA2_Channel4_IRQHandler
                0x08006260                TIM3_IRQHandler
                0x08006260                RCC_IRQHandler
                0x08006260                DMA1_Channel1_IRQHandler
                0x08006260                Default_Handler
                0x08006260                DMA2_Channel7_IRQHandler
                0x08006260                EXTI15_10_IRQHandler
                0x08006260                TIM7_IRQHandler
                0x08006260                SDMMC1_IRQHandler
                0x08006260                TIM5_IRQHandler
                0x08006260                I2C3_EV_IRQHandler
                0x08006260                EXTI9_5_IRQHandler
                0x08006260                RTC_WKUP_IRQHandler
                0x08006260                PVD_PVM_IRQHandler
                0x08006260                SPI2_IRQHandler
                0x08006260                CAN1_TX_IRQHandler
                0x08006260                DMA2_Channel5_IRQHandler
                0x08006260                DMA1_Channel5_IRQHandler
                0x08006260                EXTI4_IRQHandler
                0x08006260                RNG_IRQHandler
                0x08006260                TIM1_TRG_COM_TIM17_IRQHandler
                0x08006260                DMA1_Channel3_IRQHandler
                0x08006260                COMP_IRQHandler
                0x08006260                WWDG_IRQHandler
                0x08006260                LPUART1_IRQHandler
                0x08006260                DMA2_Channel6_IRQHandler
                0x08006260                TIM2_IRQHandler
                0x08006260                EXTI1_IRQHandler
                0x08006260                USART2_IRQHandler
                0x08006260                DFSDM1_FLT0_IRQHandler
                0x08006260                I2C2_ER_IRQHandler
                0x08006260                DMA1_Channel2_IRQHandler
                0x08006260                TIM8_BRK_IRQHandler
                0x08006260                CAN1_SCE_IRQHandler
                0x08006260                FLASH_IRQHandler
                0x08006260                USART1_IRQHandler
                0x08006260                SPI3_IRQHandler
                0x08006260                I2C1_ER_IRQHandler
                0x08006260                FMC_IRQHandler
                0x08006260                SWPMI1_IRQHandler
                0x08006260                LPTIM1_IRQHandler
                0x08006260                SAI1_IRQHandler
                0x08006260                DMA2_Channel3_IRQHandler
                0x08006260                TIM1_BRK_TIM15_IRQHandler
 *fill*         0x08006262        0x2 
 .text.__errno  0x08006264        0xc d:/ac6/systemworkbench/plugins/fr.ac6.mcu.externaltools.arm-none.win32_1.17.0.201812190825/tools/compiler/bin/../lib/gcc/arm-none-eabi/7.3.1/../../../../arm-none-eabi/lib/thumb/v7e-m/fpv4-sp/hard\libc_nano.a(lib_a-errno.o)
                0x08006264                __errno
 .text.__libc_init_array
                0x08006270       0x48 d:/ac6/systemworkbench/plugins/fr.ac6.mcu.externaltools.arm-none.win32_1.17.0.201812190825/tools/compiler/bin/../lib/gcc/arm-none-eabi/7.3.1/../../../../arm-none-eabi/lib/thumb/v7e-m/fpv4-sp/hard\libc_nano.a(lib_a-init.o)
                0x08006270                __libc_init_array
 .text.malloc   0x080062b8       0x10 d:/ac6/systemworkbench/plugins/fr.ac6.mcu.externaltools.arm-none.win32_1.17.0.201812190825/tools/compiler/bin/../lib/gcc/arm-none-eabi/7.3.1/../../../../arm-none-eabi/lib/thumb/v7e-m/fpv4-sp/hard\libc_nano.a(lib_a-malloc.o)
                0x080062b8                malloc
 .text.free     0x080062c8       0x10 d:/ac6/systemworkbench/plugins/fr.ac6.mcu.externaltools.arm-none.win32_1.17.0.201812190825/tools/compiler/bin/../lib/gcc/arm-none-eabi/7.3.1/../../../../arm-none-eabi/lib/thumb/v7e-m/fpv4-sp/hard\libc_nano.a(lib_a-malloc.o)
                0x080062c8                free
 .text.memset   0x080062d8       0x10 d:/ac6/systemworkbench/plugins/fr.ac6.mcu.externaltools.arm-none.win32_1.17.0.201812190825/tools/compiler/bin/../lib/gcc/arm-none-eabi/7.3.1/../../../../arm-none-eabi/lib/thumb/v7e-m/fpv4-sp/hard\libc_nano.a(lib_a-memset.o)
                0x080062d8                memset
 .text._free_r  0x080062e8       0x9c d:/ac6/systemworkbench/plugins/fr.ac6.mcu.externaltools.arm-none.win32_1.17.0.201812190825/tools/compiler/bin/../lib/gcc/arm-none-eabi/7.3.1/../../../../arm-none-eabi/lib/thumb/v7e-m/fpv4-sp/hard\libc_nano.a(lib_a-nano-freer.o)
                0x080062e8                _free_r
 .text._malloc_r
                0x08006384       0xb4 d:/ac6/systemworkbench/plugins/fr.ac6.mcu.externaltools.arm-none.win32_1.17.0.201812190825/tools/compiler/bin/../lib/gcc/arm-none-eabi/7.3.1/../../../../arm-none-eabi/lib/thumb/v7e-m/fpv4-sp/hard\libc_nano.a(lib_a-nano-mallocr.o)
                0x08006384                _malloc_r
 .text._sbrk_r  0x08006438       0x20 d:/ac6/systemworkbench/plugins/fr.ac6.mcu.externaltools.arm-none.win32_1.17.0.201812190825/tools/compiler/bin/../lib/gcc/arm-none-eabi/7.3.1/../../../../arm-none-eabi/lib/thumb/v7e-m/fpv4-sp/hard\libc_nano.a(lib_a-sbrkr.o)
                0x08006438                _sbrk_r
 .text.__malloc_lock
                0x08006458        0x2 d:/ac6/systemworkbench/plugins/fr.ac6.mcu.externaltools.arm-none.win32_1.17.0.201812190825/tools/compiler/bin/../lib/gcc/arm-none-eabi/7.3.1/../../../../arm-none-eabi/lib/thumb/v7e-m/fpv4-sp/hard\libc_nano.a(lib_a-mlock.o)
                0x08006458                __malloc_lock
 .text.__malloc_unlock
                0x0800645a        0x2 d:/ac6/systemworkbench/plugins/fr.ac6.mcu.externaltools.arm-none.win32_1.17.0.201812190825/tools/compiler/bin/../lib/gcc/arm-none-eabi/7.3.1/../../../../arm-none-eabi/lib/thumb/v7e-m/fpv4-sp/hard\libc_nano.a(lib_a-mlock.o)
                0x0800645a                __malloc_unlock
 *(.glue_7)
 .glue_7        0x0800645c        0x0 linker stubs
 *(.glue_7t)
 .glue_7t       0x0800645c        0x0 linker stubs
 *(.eh_frame)
 .eh_frame      0x0800645c        0x0 d:/ac6/systemworkbench/plugins/fr.ac6.mcu.externaltools.arm-none.win32_1.17.0.201812190825/tools/compiler/bin/../lib/gcc/arm-none-eabi/7.3.1/thumb/v7e-m/fpv4-sp/hard/crtbegin.o
 *(.init)
 .init          0x0800645c        0x4 d:/ac6/systemworkbench/plugins/fr.ac6.mcu.externaltools.arm-none.win32_1.17.0.201812190825/tools/compiler/bin/../lib/gcc/arm-none-eabi/7.3.1/thumb/v7e-m/fpv4-sp/hard/crti.o
                0x0800645c                _init
 .init          0x08006460        0x8 d:/ac6/systemworkbench/plugins/fr.ac6.mcu.externaltools.arm-none.win32_1.17.0.201812190825/tools/compiler/bin/../lib/gcc/arm-none-eabi/7.3.1/thumb/v7e-m/fpv4-sp/hard/crtn.o
 *(.fini)
 .fini          0x08006468        0x4 d:/ac6/systemworkbench/plugins/fr.ac6.mcu.externaltools.arm-none.win32_1.17.0.201812190825/tools/compiler/bin/../lib/gcc/arm-none-eabi/7.3.1/thumb/v7e-m/fpv4-sp/hard/crti.o
                0x08006468                _fini
 .fini          0x0800646c        0x8 d:/ac6/systemworkbench/plugins/fr.ac6.mcu.externaltools.arm-none.win32_1.17.0.201812190825/tools/compiler/bin/../lib/gcc/arm-none-eabi/7.3.1/thumb/v7e-m/fpv4-sp/hard/crtn.o
                0x08006478                . = ALIGN (0x8)
 *fill*         0x08006474        0x4 
                0x08006478                _etext = .

.vfp11_veneer   0x08006478        0x0
 .vfp11_veneer  0x08006478        0x0 linker stubs

.v4_bx          0x08006478        0x0
 .v4_bx         0x08006478        0x0 linker stubs

.iplt           0x08006478        0x0
 .iplt          0x08006478        0x0 d:/ac6/systemworkbench/plugins/fr.ac6.mcu.externaltools.arm-none.win32_1.17.0.201812190825/tools/compiler/bin/../lib/gcc/arm-none-eabi/7.3.1/thumb/v7e-m/fpv4-sp/hard/crtbegin.o

.rodata         0x08006478       0x50
                0x08006478                . = ALIGN (0x8)
 *(.rodata)
 .rodata        0x08006478       0x48 Src/system_stm32l4xx.o
                0x08006478                MSIRangeTable
                0x080064a8                AHBPrescTable
                0x080064b8                APBPrescTable
 *(.rodata*)
 .rodata.str1.4
                0x080064c0        0x4 Middlewares/ST/STM32_USB_Host_Library/Class/CDC/Src/usbh_cdc.o
                0x080064c8                . = ALIGN (0x8)
 *fill*         0x080064c4        0x4 

.ARM.extab      0x080064c8        0x0
                0x080064c8                . = ALIGN (0x8)
 *(.ARM.extab* .gnu.linkonce.armextab.*)
                0x080064c8                . = ALIGN (0x8)

.ARM            0x080064c8        0x8
                0x080064c8                . = ALIGN (0x8)
                0x080064c8                __exidx_start = .
 *(.ARM.exidx*)
 .ARM.exidx     0x080064c8        0x8 d:/ac6/systemworkbench/plugins/fr.ac6.mcu.externaltools.arm-none.win32_1.17.0.201812190825/tools/compiler/bin/../lib/gcc/arm-none-eabi/7.3.1/thumb/v7e-m/fpv4-sp/hard\libgcc.a(_udivmoddi4.o)
                0x080064d0                __exidx_end = .
                0x080064d0                . = ALIGN (0x8)

.rel.dyn        0x080064d0        0x0
 .rel.iplt      0x080064d0        0x0 d:/ac6/systemworkbench/plugins/fr.ac6.mcu.externaltools.arm-none.win32_1.17.0.201812190825/tools/compiler/bin/../lib/gcc/arm-none-eabi/7.3.1/thumb/v7e-m/fpv4-sp/hard/crtbegin.o

.preinit_array  0x080064d0        0x0
                0x080064d0                . = ALIGN (0x8)
                0x080064d0                PROVIDE (__preinit_array_start = .)
 *(.preinit_array*)
                0x080064d0                PROVIDE (__preinit_array_end = .)
                0x080064d0                . = ALIGN (0x8)

.init_array     0x080064d0        0x8
                0x080064d0                . = ALIGN (0x8)
                0x080064d0                PROVIDE (__init_array_start = .)
 *(SORT_BY_NAME(.init_array.*))
 *(.init_array*)
 .init_array    0x080064d0        0x4 d:/ac6/systemworkbench/plugins/fr.ac6.mcu.externaltools.arm-none.win32_1.17.0.201812190825/tools/compiler/bin/../lib/gcc/arm-none-eabi/7.3.1/thumb/v7e-m/fpv4-sp/hard/crtbegin.o
                0x080064d4                PROVIDE (__init_array_end = .)
                0x080064d8                . = ALIGN (0x8)
 *fill*         0x080064d4        0x4 

.fini_array     0x080064d8        0x8
                0x080064d8                . = ALIGN (0x8)
                [!provide]                PROVIDE (__fini_array_start = .)
 *(SORT_BY_NAME(.fini_array.*))
 *(.fini_array*)
 .fini_array    0x080064d8        0x4 d:/ac6/systemworkbench/plugins/fr.ac6.mcu.externaltools.arm-none.win32_1.17.0.201812190825/tools/compiler/bin/../lib/gcc/arm-none-eabi/7.3.1/thumb/v7e-m/fpv4-sp/hard/crtbegin.o
                [!provide]                PROVIDE (__fini_array_end = .)
                0x080064e0                . = ALIGN (0x8)
 *fill*         0x080064dc        0x4 
                0x080064e0                _sidata = LOADADDR (.data)

.data           0x20000000       0x90 load address 0x080064e0
                0x20000000                . = ALIGN (0x8)
                0x20000000                _sdata = .
 *(.data)
 .data          0x20000000        0x8 Drivers/STM32L4xx_HAL_Driver/Src/stm32l4xx_hal.o
                0x20000000                uwTickFreq
                0x20000004                uwTickPrio
 .data          0x20000008       0x20 Middlewares/ST/STM32_USB_Host_Library/Class/CDC/Src/usbh_cdc.o
                0x20000008                CDC_Class
 .data          0x20000028        0x4 Src/system_stm32l4xx.o
                0x20000028                SystemCoreClock
 *(.data*)
 .data._impure_ptr
                0x2000002c        0x4 d:/ac6/systemworkbench/plugins/fr.ac6.mcu.externaltools.arm-none.win32_1.17.0.201812190825/tools/compiler/bin/../lib/gcc/arm-none-eabi/7.3.1/../../../../arm-none-eabi/lib/thumb/v7e-m/fpv4-sp/hard\libc_nano.a(lib_a-impure.o)
                0x2000002c                _impure_ptr
 .data.impure_data
                0x20000030       0x60 d:/ac6/systemworkbench/plugins/fr.ac6.mcu.externaltools.arm-none.win32_1.17.0.201812190825/tools/compiler/bin/../lib/gcc/arm-none-eabi/7.3.1/../../../../arm-none-eabi/lib/thumb/v7e-m/fpv4-sp/hard\libc_nano.a(lib_a-impure.o)
                0x20000090                . = ALIGN (0x8)
                0x20000090                _edata = .

.igot.plt       0x20000090        0x0 load address 0x08006570
 .igot.plt      0x20000090        0x0 d:/ac6/systemworkbench/plugins/fr.ac6.mcu.externaltools.arm-none.win32_1.17.0.201812190825/tools/compiler/bin/../lib/gcc/arm-none-eabi/7.3.1/thumb/v7e-m/fpv4-sp/hard/crtbegin.o
                0x20000090                . = ALIGN (0x4)

.bss            0x20000090      0x9e4 load address 0x08006570
                0x20000090                _sbss = .
                0x20000090                __bss_start__ = _sbss
 *(.bss)
 .bss           0x20000090       0x1c d:/ac6/systemworkbench/plugins/fr.ac6.mcu.externaltools.arm-none.win32_1.17.0.201812190825/tools/compiler/bin/../lib/gcc/arm-none-eabi/7.3.1/thumb/v7e-m/fpv4-sp/hard/crtbegin.o
 .bss           0x200000ac        0x4 Drivers/STM32L4xx_HAL_Driver/Src/stm32l4xx_ll_usb.o
 .bss           0x200000b0        0x2 Src/main.o
                0x200000b0                data
                0x200000b1                who
 *fill*         0x200000b2        0x2 
 .bss           0x200000b4        0x4 Src/stm32l4xx_hal_msp.o
 .bss           0x200000b8        0x8 Src/syscalls.o
                0x200000bc                __env
 .bss           0x200000c0        0x1 Src/usb_host.o
                0x200000c0                Appli_state
 *(.bss*)
 *fill*         0x200000c1        0x3 
 .bss.__malloc_free_list
                0x200000c4        0x4 d:/ac6/systemworkbench/plugins/fr.ac6.mcu.externaltools.arm-none.win32_1.17.0.201812190825/tools/compiler/bin/../lib/gcc/arm-none-eabi/7.3.1/../../../../arm-none-eabi/lib/thumb/v7e-m/fpv4-sp/hard\libc_nano.a(lib_a-nano-mallocr.o)
                0x200000c4                __malloc_free_list
 .bss.__malloc_sbrk_start
                0x200000c8        0x4 d:/ac6/systemworkbench/plugins/fr.ac6.mcu.externaltools.arm-none.win32_1.17.0.201812190825/tools/compiler/bin/../lib/gcc/arm-none-eabi/7.3.1/../../../../arm-none-eabi/lib/thumb/v7e-m/fpv4-sp/hard\libc_nano.a(lib_a-nano-mallocr.o)
                0x200000c8                __malloc_sbrk_start
 *(COMMON)
 COMMON         0x200000cc        0x4 Drivers/STM32L4xx_HAL_Driver/Src/stm32l4xx_hal.o
                0x200000cc                uwTick
 COMMON         0x200000d0      0x310 Src/main.o
                0x200000d0                hspi2
                0x20000134                hi2c1
                0x20000180                hi2c2
                0x200001cc                hsai_BlockB1
                0x20000250                axis
                0x2000025c                hlcd
                0x20000298                hsai_BlockA1
                0x2000031c                huart2
                0x2000039c                hqspi
 COMMON         0x200003e0      0x3cc Src/usb_host.o
                0x200003e0                hUsbHostFS
 COMMON         0x200007ac      0x2c4 Src/usbh_conf.o
                0x200007ac                hhcd_USB_OTG_FS
 COMMON         0x20000a70        0x4 d:/ac6/systemworkbench/plugins/fr.ac6.mcu.externaltools.arm-none.win32_1.17.0.201812190825/tools/compiler/bin/../lib/gcc/arm-none-eabi/7.3.1/../../../../arm-none-eabi/lib/thumb/v7e-m/fpv4-sp/hard\libc_nano.a(lib_a-reent.o)
                0x20000a70                errno
                0x20000a74                . = ALIGN (0x4)
                0x20000a74                _ebss = .
                0x20000a74                __bss_end__ = _ebss

._user_heap_stack
                0x20000a74      0x604 load address 0x08006570
                0x20000a78                . = ALIGN (0x8)
 *fill*         0x20000a74        0x4 
                0x20000a78                PROVIDE (end = .)
                [!provide]                PROVIDE (_end = .)
                0x20000c78                . = (. + _Min_Heap_Size)
 *fill*         0x20000a78      0x200 
                0x20001078                . = (. + _Min_Stack_Size)
 *fill*         0x20000c78      0x400 
                0x20001078                . = ALIGN (0x8)

/DISCARD/
 libc.a(*)
 libm.a(*)
 libgcc.a(*)

.ARM.attributes
                0x00000000       0x30
 *(.ARM.attributes)
 .ARM.attributes
                0x00000000       0x22 d:/ac6/systemworkbench/plugins/fr.ac6.mcu.externaltools.arm-none.win32_1.17.0.201812190825/tools/compiler/bin/../lib/gcc/arm-none-eabi/7.3.1/thumb/v7e-m/fpv4-sp/hard/crti.o
 .ARM.attributes
                0x00000022       0x34 d:/ac6/systemworkbench/plugins/fr.ac6.mcu.externaltools.arm-none.win32_1.17.0.201812190825/tools/compiler/bin/../lib/gcc/arm-none-eabi/7.3.1/thumb/v7e-m/fpv4-sp/hard/crtbegin.o
 .ARM.attributes
                0x00000056       0x39 Drivers/STM32L4xx_HAL_Driver/Src/stm32l4xx_hal.o
 .ARM.attributes
                0x0000008f       0x39 Drivers/STM32L4xx_HAL_Driver/Src/stm32l4xx_hal_cortex.o
 .ARM.attributes
                0x000000c8       0x39 Drivers/STM32L4xx_HAL_Driver/Src/stm32l4xx_hal_gpio.o
 .ARM.attributes
                0x00000101       0x39 Drivers/STM32L4xx_HAL_Driver/Src/stm32l4xx_hal_hcd.o
 .ARM.attributes
                0x0000013a       0x39 Drivers/STM32L4xx_HAL_Driver/Src/stm32l4xx_hal_i2c.o
 .ARM.attributes
                0x00000173       0x39 Drivers/STM32L4xx_HAL_Driver/Src/stm32l4xx_hal_i2c_ex.o
 .ARM.attributes
                0x000001ac       0x39 Drivers/STM32L4xx_HAL_Driver/Src/stm32l4xx_hal_lcd.o
 .ARM.attributes
                0x000001e5       0x39 Drivers/STM32L4xx_HAL_Driver/Src/stm32l4xx_hal_pwr.o
 .ARM.attributes
                0x0000021e       0x39 Drivers/STM32L4xx_HAL_Driver/Src/stm32l4xx_hal_pwr_ex.o
 .ARM.attributes
                0x00000257       0x39 Drivers/STM32L4xx_HAL_Driver/Src/stm32l4xx_hal_qspi.o
 .ARM.attributes
                0x00000290       0x39 Drivers/STM32L4xx_HAL_Driver/Src/stm32l4xx_hal_rcc.o
 .ARM.attributes
                0x000002c9       0x39 Drivers/STM32L4xx_HAL_Driver/Src/stm32l4xx_hal_rcc_ex.o
 .ARM.attributes
                0x00000302       0x39 Drivers/STM32L4xx_HAL_Driver/Src/stm32l4xx_hal_sai.o
 .ARM.attributes
                0x0000033b       0x39 Drivers/STM32L4xx_HAL_Driver/Src/stm32l4xx_hal_spi.o
 .ARM.attributes
                0x00000374       0x39 Drivers/STM32L4xx_HAL_Driver/Src/stm32l4xx_hal_uart.o
 .ARM.attributes
                0x000003ad       0x39 Drivers/STM32L4xx_HAL_Driver/Src/stm32l4xx_ll_usb.o
 .ARM.attributes
                0x000003e6       0x39 Middlewares/ST/STM32_USB_Host_Library/Class/CDC/Src/usbh_cdc.o
 .ARM.attributes
                0x0000041f       0x39 Middlewares/ST/STM32_USB_Host_Library/Core/Src/usbh_core.o
 .ARM.attributes
                0x00000458       0x39 Middlewares/ST/STM32_USB_Host_Library/Core/Src/usbh_ctlreq.o
 .ARM.attributes
                0x00000491       0x39 Middlewares/ST/STM32_USB_Host_Library/Core/Src/usbh_ioreq.o
 .ARM.attributes
                0x000004ca       0x39 Middlewares/ST/STM32_USB_Host_Library/Core/Src/usbh_pipes.o
 .ARM.attributes
                0x00000503       0x39 Src/main.o
 .ARM.attributes
                0x0000053c       0x39 Src/stm32l4xx_hal_msp.o
 .ARM.attributes
                0x00000575       0x39 Src/stm32l4xx_it.o
 .ARM.attributes
                0x000005ae       0x39 Src/syscalls.o
 .ARM.attributes
                0x000005e7       0x39 Src/system_stm32l4xx.o
 .ARM.attributes
                0x00000620       0x39 Src/usb_host.o
 .ARM.attributes
                0x00000659       0x39 Src/usbh_conf.o
 .ARM.attributes
                0x00000692       0x39 Src/usbh_platform.o
 .ARM.attributes
                0x000006cb       0x21 startup/startup_stm32l476xx.o
 .ARM.attributes
                0x000006ec       0x22 d:/ac6/systemworkbench/plugins/fr.ac6.mcu.externaltools.arm-none.win32_1.17.0.201812190825/tools/compiler/bin/../lib/gcc/arm-none-eabi/7.3.1/thumb/v7e-m/fpv4-sp/hard\libgcc.a(_aeabi_uldivmod.o)
 .ARM.attributes
                0x0000070e       0x34 d:/ac6/systemworkbench/plugins/fr.ac6.mcu.externaltools.arm-none.win32_1.17.0.201812190825/tools/compiler/bin/../lib/gcc/arm-none-eabi/7.3.1/thumb/v7e-m/fpv4-sp/hard\libgcc.a(_udivmoddi4.o)
 .ARM.attributes
                0x00000742       0x22 d:/ac6/systemworkbench/plugins/fr.ac6.mcu.externaltools.arm-none.win32_1.17.0.201812190825/tools/compiler/bin/../lib/gcc/arm-none-eabi/7.3.1/thumb/v7e-m/fpv4-sp/hard\libgcc.a(_dvmd_tls.o)
 .ARM.attributes
                0x00000764       0x34 d:/ac6/systemworkbench/plugins/fr.ac6.mcu.externaltools.arm-none.win32_1.17.0.201812190825/tools/compiler/bin/../lib/gcc/arm-none-eabi/7.3.1/../../../../arm-none-eabi/lib/thumb/v7e-m/fpv4-sp/hard\libc_nano.a(lib_a-errno.o)
 .ARM.attributes
                0x00000798       0x34 d:/ac6/systemworkbench/plugins/fr.ac6.mcu.externaltools.arm-none.win32_1.17.0.201812190825/tools/compiler/bin/../lib/gcc/arm-none-eabi/7.3.1/../../../../arm-none-eabi/lib/thumb/v7e-m/fpv4-sp/hard\libc_nano.a(lib_a-impure.o)
 .ARM.attributes
                0x000007cc       0x34 d:/ac6/systemworkbench/plugins/fr.ac6.mcu.externaltools.arm-none.win32_1.17.0.201812190825/tools/compiler/bin/../lib/gcc/arm-none-eabi/7.3.1/../../../../arm-none-eabi/lib/thumb/v7e-m/fpv4-sp/hard\libc_nano.a(lib_a-init.o)
 .ARM.attributes
                0x00000800       0x34 d:/ac6/systemworkbench/plugins/fr.ac6.mcu.externaltools.arm-none.win32_1.17.0.201812190825/tools/compiler/bin/../lib/gcc/arm-none-eabi/7.3.1/../../../../arm-none-eabi/lib/thumb/v7e-m/fpv4-sp/hard\libc_nano.a(lib_a-malloc.o)
 .ARM.attributes
                0x00000834       0x34 d:/ac6/systemworkbench/plugins/fr.ac6.mcu.externaltools.arm-none.win32_1.17.0.201812190825/tools/compiler/bin/../lib/gcc/arm-none-eabi/7.3.1/../../../../arm-none-eabi/lib/thumb/v7e-m/fpv4-sp/hard\libc_nano.a(lib_a-memset.o)
 .ARM.attributes
                0x00000868       0x34 d:/ac6/systemworkbench/plugins/fr.ac6.mcu.externaltools.arm-none.win32_1.17.0.201812190825/tools/compiler/bin/../lib/gcc/arm-none-eabi/7.3.1/../../../../arm-none-eabi/lib/thumb/v7e-m/fpv4-sp/hard\libc_nano.a(lib_a-nano-freer.o)
 .ARM.attributes
                0x0000089c       0x34 d:/ac6/systemworkbench/plugins/fr.ac6.mcu.externaltools.arm-none.win32_1.17.0.201812190825/tools/compiler/bin/../lib/gcc/arm-none-eabi/7.3.1/../../../../arm-none-eabi/lib/thumb/v7e-m/fpv4-sp/hard\libc_nano.a(lib_a-nano-mallocr.o)
 .ARM.attributes
                0x000008d0       0x34 d:/ac6/systemworkbench/plugins/fr.ac6.mcu.externaltools.arm-none.win32_1.17.0.201812190825/tools/compiler/bin/../lib/gcc/arm-none-eabi/7.3.1/../../../../arm-none-eabi/lib/thumb/v7e-m/fpv4-sp/hard\libc_nano.a(lib_a-sbrkr.o)
 .ARM.attributes
                0x00000904       0x34 d:/ac6/systemworkbench/plugins/fr.ac6.mcu.externaltools.arm-none.win32_1.17.0.201812190825/tools/compiler/bin/../lib/gcc/arm-none-eabi/7.3.1/../../../../arm-none-eabi/lib/thumb/v7e-m/fpv4-sp/hard\libc_nano.a(lib_a-mlock.o)
 .ARM.attributes
                0x00000938       0x34 d:/ac6/systemworkbench/plugins/fr.ac6.mcu.externaltools.arm-none.win32_1.17.0.201812190825/tools/compiler/bin/../lib/gcc/arm-none-eabi/7.3.1/../../../../arm-none-eabi/lib/thumb/v7e-m/fpv4-sp/hard\libc_nano.a(lib_a-reent.o)
 .ARM.attributes
                0x0000096c       0x22 d:/ac6/systemworkbench/plugins/fr.ac6.mcu.externaltools.arm-none.win32_1.17.0.201812190825/tools/compiler/bin/../lib/gcc/arm-none-eabi/7.3.1/thumb/v7e-m/fpv4-sp/hard/crtn.o
OUTPUT(Gyro.elf elf32-littlearm)

.debug_info     0x00000000    0x27050
 .debug_info    0x00000000      0xdb0 Drivers/STM32L4xx_HAL_Driver/Src/stm32l4xx_hal.o
 .debug_info    0x00000db0     0x10a0 Drivers/STM32L4xx_HAL_Driver/Src/stm32l4xx_hal_cortex.o
 .debug_info    0x00001e50      0x989 Drivers/STM32L4xx_HAL_Driver/Src/stm32l4xx_hal_gpio.o
 .debug_info    0x000027d9     0x1426 Drivers/STM32L4xx_HAL_Driver/Src/stm32l4xx_hal_hcd.o
 .debug_info    0x00003bff     0x3a04 Drivers/STM32L4xx_HAL_Driver/Src/stm32l4xx_hal_i2c.o
 .debug_info    0x00007603      0xb4a Drivers/STM32L4xx_HAL_Driver/Src/stm32l4xx_hal_i2c_ex.o
 .debug_info    0x0000814d      0x7b6 Drivers/STM32L4xx_HAL_Driver/Src/stm32l4xx_hal_lcd.o
 .debug_info    0x00008903      0xabb Drivers/STM32L4xx_HAL_Driver/Src/stm32l4xx_hal_pwr.o
 .debug_info    0x000093be      0xb27 Drivers/STM32L4xx_HAL_Driver/Src/stm32l4xx_hal_pwr_ex.o
 .debug_info    0x00009ee5     0x17d1 Drivers/STM32L4xx_HAL_Driver/Src/stm32l4xx_hal_qspi.o
 .debug_info    0x0000b6b6      0xf2a Drivers/STM32L4xx_HAL_Driver/Src/stm32l4xx_hal_rcc.o
 .debug_info    0x0000c5e0     0x12a3 Drivers/STM32L4xx_HAL_Driver/Src/stm32l4xx_hal_rcc_ex.o
 .debug_info    0x0000d883     0x17fa Drivers/STM32L4xx_HAL_Driver/Src/stm32l4xx_hal_sai.o
 .debug_info    0x0000f07d     0x1f36 Drivers/STM32L4xx_HAL_Driver/Src/stm32l4xx_hal_spi.o
 .debug_info    0x00010fb3     0x1d7a Drivers/STM32L4xx_HAL_Driver/Src/stm32l4xx_hal_uart.o
 .debug_info    0x00012d2d     0x1c44 Drivers/STM32L4xx_HAL_Driver/Src/stm32l4xx_ll_usb.o
 .debug_info    0x00014971     0x1fa1 Middlewares/ST/STM32_USB_Host_Library/Class/CDC/Src/usbh_cdc.o
 .debug_info    0x00016912     0x1cce Middlewares/ST/STM32_USB_Host_Library/Core/Src/usbh_core.o
 .debug_info    0x000185e0     0x1b93 Middlewares/ST/STM32_USB_Host_Library/Core/Src/usbh_ctlreq.o
 .debug_info    0x0001a173     0x17c1 Middlewares/ST/STM32_USB_Host_Library/Core/Src/usbh_ioreq.o
 .debug_info    0x0001b934     0x1469 Middlewares/ST/STM32_USB_Host_Library/Core/Src/usbh_pipes.o
 .debug_info    0x0001cd9d     0x2665 Src/main.o
 .debug_info    0x0001f402     0x1db4 Src/stm32l4xx_hal_msp.o
 .debug_info    0x000211b6      0x845 Src/stm32l4xx_it.o
 .debug_info    0x000219fb      0xfd3 Src/syscalls.o
 .debug_info    0x000229ce      0x6fc Src/system_stm32l4xx.o
 .debug_info    0x000230ca     0x140b Src/usb_host.o
 .debug_info    0x000244d5     0x278b Src/usbh_conf.o
 .debug_info    0x00026c60      0x3ce Src/usbh_platform.o
 .debug_info    0x0002702e       0x22 startup/startup_stm32l476xx.o

.debug_abbrev   0x00000000     0x446d
 .debug_abbrev  0x00000000      0x209 Drivers/STM32L4xx_HAL_Driver/Src/stm32l4xx_hal.o
 .debug_abbrev  0x00000209      0x328 Drivers/STM32L4xx_HAL_Driver/Src/stm32l4xx_hal_cortex.o
 .debug_abbrev  0x00000531      0x1de Drivers/STM32L4xx_HAL_Driver/Src/stm32l4xx_hal_gpio.o
 .debug_abbrev  0x0000070f      0x27f Drivers/STM32L4xx_HAL_Driver/Src/stm32l4xx_hal_hcd.o
 .debug_abbrev  0x0000098e      0x25d Drivers/STM32L4xx_HAL_Driver/Src/stm32l4xx_hal_i2c.o
 .debug_abbrev  0x00000beb      0x1b9 Drivers/STM32L4xx_HAL_Driver/Src/stm32l4xx_hal_i2c_ex.o
 .debug_abbrev  0x00000da4      0x1e8 Drivers/STM32L4xx_HAL_Driver/Src/stm32l4xx_hal_lcd.o
 .debug_abbrev  0x00000f8c      0x18d Drivers/STM32L4xx_HAL_Driver/Src/stm32l4xx_hal_pwr.o
 .debug_abbrev  0x00001119      0x1de Drivers/STM32L4xx_HAL_Driver/Src/stm32l4xx_hal_pwr_ex.o
 .debug_abbrev  0x000012f7      0x224 Drivers/STM32L4xx_HAL_Driver/Src/stm32l4xx_hal_qspi.o
 .debug_abbrev  0x0000151b      0x21f Drivers/STM32L4xx_HAL_Driver/Src/stm32l4xx_hal_rcc.o
 .debug_abbrev  0x0000173a      0x24c Drivers/STM32L4xx_HAL_Driver/Src/stm32l4xx_hal_rcc_ex.o
 .debug_abbrev  0x00001986      0x24a Drivers/STM32L4xx_HAL_Driver/Src/stm32l4xx_hal_sai.o
 .debug_abbrev  0x00001bd0      0x238 Drivers/STM32L4xx_HAL_Driver/Src/stm32l4xx_hal_spi.o
 .debug_abbrev  0x00001e08      0x24d Drivers/STM32L4xx_HAL_Driver/Src/stm32l4xx_hal_uart.o
 .debug_abbrev  0x00002055      0x2b3 Drivers/STM32L4xx_HAL_Driver/Src/stm32l4xx_ll_usb.o
 .debug_abbrev  0x00002308      0x346 Middlewares/ST/STM32_USB_Host_Library/Class/CDC/Src/usbh_cdc.o
 .debug_abbrev  0x0000264e      0x382 Middlewares/ST/STM32_USB_Host_Library/Core/Src/usbh_core.o
 .debug_abbrev  0x000029d0      0x36e Middlewares/ST/STM32_USB_Host_Library/Core/Src/usbh_ctlreq.o
 .debug_abbrev  0x00002d3e      0x292 Middlewares/ST/STM32_USB_Host_Library/Core/Src/usbh_ioreq.o
 .debug_abbrev  0x00002fd0      0x2cc Middlewares/ST/STM32_USB_Host_Library/Core/Src/usbh_pipes.o
 .debug_abbrev  0x0000329c      0x28c Src/main.o
 .debug_abbrev  0x00003528      0x1f3 Src/stm32l4xx_hal_msp.o
 .debug_abbrev  0x0000371b      0x193 Src/stm32l4xx_it.o
 .debug_abbrev  0x000038ae      0x2d4 Src/syscalls.o
 .debug_abbrev  0x00003b82      0x150 Src/system_stm32l4xx.o
 .debug_abbrev  0x00003cd2      0x2b5 Src/usb_host.o
 .debug_abbrev  0x00003f87      0x38a Src/usbh_conf.o
 .debug_abbrev  0x00004311      0x14a Src/usbh_platform.o
 .debug_abbrev  0x0000445b       0x12 startup/startup_stm32l476xx.o

.debug_loc      0x00000000    0x13434
 .debug_loc     0x00000000      0x1f1 Drivers/STM32L4xx_HAL_Driver/Src/stm32l4xx_hal.o
 .debug_loc     0x000001f1      0x5ce Drivers/STM32L4xx_HAL_Driver/Src/stm32l4xx_hal_cortex.o
 .debug_loc     0x000007bf      0x2d3 Drivers/STM32L4xx_HAL_Driver/Src/stm32l4xx_hal_gpio.o
 .debug_loc     0x00000a92      0xba8 Drivers/STM32L4xx_HAL_Driver/Src/stm32l4xx_hal_hcd.o
 .debug_loc     0x0000163a     0x462f Drivers/STM32L4xx_HAL_Driver/Src/stm32l4xx_hal_i2c.o
 .debug_loc     0x00005c69      0x204 Drivers/STM32L4xx_HAL_Driver/Src/stm32l4xx_hal_i2c_ex.o
 .debug_loc     0x00005e6d      0x3b4 Drivers/STM32L4xx_HAL_Driver/Src/stm32l4xx_hal_lcd.o
 .debug_loc     0x00006221      0x17d Drivers/STM32L4xx_HAL_Driver/Src/stm32l4xx_hal_pwr.o
 .debug_loc     0x0000639e      0x960 Drivers/STM32L4xx_HAL_Driver/Src/stm32l4xx_hal_pwr_ex.o
 .debug_loc     0x00006cfe     0x1231 Drivers/STM32L4xx_HAL_Driver/Src/stm32l4xx_hal_qspi.o
 .debug_loc     0x00007f2f      0x63a Drivers/STM32L4xx_HAL_Driver/Src/stm32l4xx_hal_rcc.o
 .debug_loc     0x00008569     0x1c00 Drivers/STM32L4xx_HAL_Driver/Src/stm32l4xx_hal_rcc_ex.o
 .debug_loc     0x0000a169     0x13b6 Drivers/STM32L4xx_HAL_Driver/Src/stm32l4xx_hal_sai.o
 .debug_loc     0x0000b51f     0x1a4c Drivers/STM32L4xx_HAL_Driver/Src/stm32l4xx_hal_spi.o
 .debug_loc     0x0000cf6b     0x1840 Drivers/STM32L4xx_HAL_Driver/Src/stm32l4xx_hal_uart.o
 .debug_loc     0x0000e7ab     0x1bad Drivers/STM32L4xx_HAL_Driver/Src/stm32l4xx_ll_usb.o
 .debug_loc     0x00010358      0x642 Middlewares/ST/STM32_USB_Host_Library/Class/CDC/Src/usbh_cdc.o
 .debug_loc     0x0001099a      0x66c Middlewares/ST/STM32_USB_Host_Library/Core/Src/usbh_core.o
 .debug_loc     0x00011006      0xbf1 Middlewares/ST/STM32_USB_Host_Library/Core/Src/usbh_ctlreq.o
 .debug_loc     0x00011bf7      0x50f Middlewares/ST/STM32_USB_Host_Library/Core/Src/usbh_ioreq.o
 .debug_loc     0x00012106      0x1be Middlewares/ST/STM32_USB_Host_Library/Core/Src/usbh_pipes.o
 .debug_loc     0x000122c4       0xd8 Src/main.o
 .debug_loc     0x0001239c      0x2de Src/stm32l4xx_hal_msp.o
 .debug_loc     0x0001267a      0x3af Src/syscalls.o
 .debug_loc     0x00012a29      0x1b8 Src/system_stm32l4xx.o
 .debug_loc     0x00012be1      0x7fe Src/usbh_conf.o
 .debug_loc     0x000133df       0x55 Src/usbh_platform.o

.debug_aranges  0x00000000     0x1800
 .debug_aranges
                0x00000000      0x130 Drivers/STM32L4xx_HAL_Driver/Src/stm32l4xx_hal.o
 .debug_aranges
                0x00000130       0xa8 Drivers/STM32L4xx_HAL_Driver/Src/stm32l4xx_hal_cortex.o
 .debug_aranges
                0x000001d8       0x58 Drivers/STM32L4xx_HAL_Driver/Src/stm32l4xx_hal_gpio.o
 .debug_aranges
                0x00000230       0xf0 Drivers/STM32L4xx_HAL_Driver/Src/stm32l4xx_hal_hcd.o
 .debug_aranges
                0x00000320      0x288 Drivers/STM32L4xx_HAL_Driver/Src/stm32l4xx_hal_i2c.o
 .debug_aranges
                0x000005a8       0x48 Drivers/STM32L4xx_HAL_Driver/Src/stm32l4xx_hal_i2c_ex.o
 .debug_aranges
                0x000005f0       0x68 Drivers/STM32L4xx_HAL_Driver/Src/stm32l4xx_hal_lcd.o
 .debug_aranges
                0x00000658       0x98 Drivers/STM32L4xx_HAL_Driver/Src/stm32l4xx_hal_pwr.o
 .debug_aranges
                0x000006f0      0x148 Drivers/STM32L4xx_HAL_Driver/Src/stm32l4xx_hal_pwr_ex.o
 .debug_aranges
                0x00000838      0x160 Drivers/STM32L4xx_HAL_Driver/Src/stm32l4xx_hal_qspi.o
 .debug_aranges
                0x00000998       0x88 Drivers/STM32L4xx_HAL_Driver/Src/stm32l4xx_hal_rcc.o
 .debug_aranges
                0x00000a20       0xc0 Drivers/STM32L4xx_HAL_Driver/Src/stm32l4xx_hal_rcc_ex.o
 .debug_aranges
                0x00000ae0      0x178 Drivers/STM32L4xx_HAL_Driver/Src/stm32l4xx_hal_sai.o
 .debug_aranges
                0x00000c58      0x1d8 Drivers/STM32L4xx_HAL_Driver/Src/stm32l4xx_hal_spi.o
 .debug_aranges
                0x00000e30      0x1f8 Drivers/STM32L4xx_HAL_Driver/Src/stm32l4xx_hal_uart.o
 .debug_aranges
                0x00001028      0x198 Drivers/STM32L4xx_HAL_Driver/Src/stm32l4xx_ll_usb.o
 .debug_aranges
                0x000011c0       0xa8 Middlewares/ST/STM32_USB_Host_Library/Class/CDC/Src/usbh_cdc.o
 .debug_aranges
                0x00001268       0xc0 Middlewares/ST/STM32_USB_Host_Library/Core/Src/usbh_core.o
 .debug_aranges
                0x00001328       0xa0 Middlewares/ST/STM32_USB_Host_Library/Core/Src/usbh_ctlreq.o
 .debug_aranges
                0x000013c8       0x60 Middlewares/ST/STM32_USB_Host_Library/Core/Src/usbh_ioreq.o
 .debug_aranges
                0x00001428       0x40 Middlewares/ST/STM32_USB_Host_Library/Core/Src/usbh_pipes.o
 .debug_aranges
                0x00001468       0x88 Src/main.o
 .debug_aranges
                0x000014f0       0x80 Src/stm32l4xx_hal_msp.o
 .debug_aranges
                0x00001570       0x68 Src/stm32l4xx_it.o
 .debug_aranges
                0x000015d8       0xb0 Src/syscalls.o
 .debug_aranges
                0x00001688       0x28 Src/system_stm32l4xx.o
 .debug_aranges
                0x000016b0       0x30 Src/usb_host.o
 .debug_aranges
                0x000016e0       0xd8 Src/usbh_conf.o
 .debug_aranges
                0x000017b8       0x20 Src/usbh_platform.o
 .debug_aranges
                0x000017d8       0x28 startup/startup_stm32l476xx.o

.debug_ranges   0x00000000     0x16d8
 .debug_ranges  0x00000000      0x120 Drivers/STM32L4xx_HAL_Driver/Src/stm32l4xx_hal.o
 .debug_ranges  0x00000120       0xf8 Drivers/STM32L4xx_HAL_Driver/Src/stm32l4xx_hal_cortex.o
 .debug_ranges  0x00000218       0x48 Drivers/STM32L4xx_HAL_Driver/Src/stm32l4xx_hal_gpio.o
 .debug_ranges  0x00000260       0xe0 Drivers/STM32L4xx_HAL_Driver/Src/stm32l4xx_hal_hcd.o
 .debug_ranges  0x00000340      0x278 Drivers/STM32L4xx_HAL_Driver/Src/stm32l4xx_hal_i2c.o
 .debug_ranges  0x000005b8       0x38 Drivers/STM32L4xx_HAL_Driver/Src/stm32l4xx_hal_i2c_ex.o
 .debug_ranges  0x000005f0       0x58 Drivers/STM32L4xx_HAL_Driver/Src/stm32l4xx_hal_lcd.o
 .debug_ranges  0x00000648       0x88 Drivers/STM32L4xx_HAL_Driver/Src/stm32l4xx_hal_pwr.o
 .debug_ranges  0x000006d0      0x138 Drivers/STM32L4xx_HAL_Driver/Src/stm32l4xx_hal_pwr_ex.o
 .debug_ranges  0x00000808      0x150 Drivers/STM32L4xx_HAL_Driver/Src/stm32l4xx_hal_qspi.o
 .debug_ranges  0x00000958       0x90 Drivers/STM32L4xx_HAL_Driver/Src/stm32l4xx_hal_rcc.o
 .debug_ranges  0x000009e8       0xd0 Drivers/STM32L4xx_HAL_Driver/Src/stm32l4xx_hal_rcc_ex.o
 .debug_ranges  0x00000ab8      0x180 Drivers/STM32L4xx_HAL_Driver/Src/stm32l4xx_hal_sai.o
 .debug_ranges  0x00000c38      0x1c8 Drivers/STM32L4xx_HAL_Driver/Src/stm32l4xx_hal_spi.o
 .debug_ranges  0x00000e00      0x1e8 Drivers/STM32L4xx_HAL_Driver/Src/stm32l4xx_hal_uart.o
 .debug_ranges  0x00000fe8      0x188 Drivers/STM32L4xx_HAL_Driver/Src/stm32l4xx_ll_usb.o
 .debug_ranges  0x00001170       0x98 Middlewares/ST/STM32_USB_Host_Library/Class/CDC/Src/usbh_cdc.o
 .debug_ranges  0x00001208       0xb0 Middlewares/ST/STM32_USB_Host_Library/Core/Src/usbh_core.o
 .debug_ranges  0x000012b8       0x90 Middlewares/ST/STM32_USB_Host_Library/Core/Src/usbh_ctlreq.o
 .debug_ranges  0x00001348       0x50 Middlewares/ST/STM32_USB_Host_Library/Core/Src/usbh_ioreq.o
 .debug_ranges  0x00001398       0x30 Middlewares/ST/STM32_USB_Host_Library/Core/Src/usbh_pipes.o
 .debug_ranges  0x000013c8       0x78 Src/main.o
 .debug_ranges  0x00001440       0x70 Src/stm32l4xx_hal_msp.o
 .debug_ranges  0x000014b0       0x58 Src/stm32l4xx_it.o
 .debug_ranges  0x00001508       0xa0 Src/syscalls.o
 .debug_ranges  0x000015a8       0x18 Src/system_stm32l4xx.o
 .debug_ranges  0x000015c0       0x20 Src/usb_host.o
 .debug_ranges  0x000015e0       0xc8 Src/usbh_conf.o
 .debug_ranges  0x000016a8       0x10 Src/usbh_platform.o
 .debug_ranges  0x000016b8       0x20 startup/startup_stm32l476xx.o

.debug_macro    0x00000000    0x2bcfb
 .debug_macro   0x00000000      0x26f Drivers/STM32L4xx_HAL_Driver/Src/stm32l4xx_hal.o
 .debug_macro   0x0000026f      0xa60 Drivers/STM32L4xx_HAL_Driver/Src/stm32l4xx_hal.o
 .debug_macro   0x00000ccf       0xd8 Drivers/STM32L4xx_HAL_Driver/Src/stm32l4xx_hal.o
 .debug_macro   0x00000da7       0x2e Drivers/STM32L4xx_HAL_Driver/Src/stm32l4xx_hal.o
 .debug_macro   0x00000dd5       0x28 Drivers/STM32L4xx_HAL_Driver/Src/stm32l4xx_hal.o
 .debug_macro   0x00000dfd       0x22 Drivers/STM32L4xx_HAL_Driver/Src/stm32l4xx_hal.o
 .debug_macro   0x00000e1f       0x8e Drivers/STM32L4xx_HAL_Driver/Src/stm32l4xx_hal.o
 .debug_macro   0x00000ead       0x51 Drivers/STM32L4xx_HAL_Driver/Src/stm32l4xx_hal.o
 .debug_macro   0x00000efe       0xef Drivers/STM32L4xx_HAL_Driver/Src/stm32l4xx_hal.o
 .debug_macro   0x00000fed       0x6a Drivers/STM32L4xx_HAL_Driver/Src/stm32l4xx_hal.o
 .debug_macro   0x00001057      0x1df Drivers/STM32L4xx_HAL_Driver/Src/stm32l4xx_hal.o
 .debug_macro   0x00001236       0x1c Drivers/STM32L4xx_HAL_Driver/Src/stm32l4xx_hal.o
 .debug_macro   0x00001252       0x22 Drivers/STM32L4xx_HAL_Driver/Src/stm32l4xx_hal.o
 .debug_macro   0x00001274       0xdf Drivers/STM32L4xx_HAL_Driver/Src/stm32l4xx_hal.o
 .debug_macro   0x00001353     0x102d Drivers/STM32L4xx_HAL_Driver/Src/stm32l4xx_hal.o
 .debug_macro   0x00002380      0x11f Drivers/STM32L4xx_HAL_Driver/Src/stm32l4xx_hal.o
 .debug_macro   0x0000249f    0x1a11f Drivers/STM32L4xx_HAL_Driver/Src/stm32l4xx_hal.o
 .debug_macro   0x0001c5be       0x43 Drivers/STM32L4xx_HAL_Driver/Src/stm32l4xx_hal.o
 .debug_macro   0x0001c601     0x3820 Drivers/STM32L4xx_HAL_Driver/Src/stm32l4xx_hal.o
 .debug_macro   0x0001fe21      0x174 Drivers/STM32L4xx_HAL_Driver/Src/stm32l4xx_hal.o
 .debug_macro   0x0001ff95       0x4e Drivers/STM32L4xx_HAL_Driver/Src/stm32l4xx_hal.o
 .debug_macro   0x0001ffe3     0x155f Drivers/STM32L4xx_HAL_Driver/Src/stm32l4xx_hal.o
 .debug_macro   0x00021542      0x59e Drivers/STM32L4xx_HAL_Driver/Src/stm32l4xx_hal.o
 .debug_macro   0x00021ae0      0x241 Drivers/STM32L4xx_HAL_Driver/Src/stm32l4xx_hal.o
 .debug_macro   0x00021d21      0x13d Drivers/STM32L4xx_HAL_Driver/Src/stm32l4xx_hal.o
 .debug_macro   0x00021e5e      0x18b Drivers/STM32L4xx_HAL_Driver/Src/stm32l4xx_hal.o
 .debug_macro   0x00021fe9      0x26b Drivers/STM32L4xx_HAL_Driver/Src/stm32l4xx_hal.o
 .debug_macro   0x00022254      0x236 Drivers/STM32L4xx_HAL_Driver/Src/stm32l4xx_hal.o
 .debug_macro   0x0002248a      0x36e Drivers/STM32L4xx_HAL_Driver/Src/stm32l4xx_hal.o
 .debug_macro   0x000227f8       0xe4 Drivers/STM32L4xx_HAL_Driver/Src/stm32l4xx_hal.o
 .debug_macro   0x000228dc      0x22c Drivers/STM32L4xx_HAL_Driver/Src/stm32l4xx_hal.o
 .debug_macro   0x00022b08       0x5e Drivers/STM32L4xx_HAL_Driver/Src/stm32l4xx_hal.o
 .debug_macro   0x00022b66       0xa5 Drivers/STM32L4xx_HAL_Driver/Src/stm32l4xx_hal.o
 .debug_macro   0x00022c0b      0x3df Drivers/STM32L4xx_HAL_Driver/Src/stm32l4xx_hal.o
 .debug_macro   0x00022fea      0x122 Drivers/STM32L4xx_HAL_Driver/Src/stm32l4xx_hal.o
 .debug_macro   0x0002310c      0x3d4 Drivers/STM32L4xx_HAL_Driver/Src/stm32l4xx_hal.o
 .debug_macro   0x000234e0      0x2a3 Drivers/STM32L4xx_HAL_Driver/Src/stm32l4xx_hal.o
 .debug_macro   0x00023783      0x447 Drivers/STM32L4xx_HAL_Driver/Src/stm32l4xx_hal.o
 .debug_macro   0x00023bca      0x2fe Drivers/STM32L4xx_HAL_Driver/Src/stm32l4xx_hal.o
 .debug_macro   0x00023ec8      0x57b Drivers/STM32L4xx_HAL_Driver/Src/stm32l4xx_hal.o
 .debug_macro   0x00024443       0x44 Drivers/STM32L4xx_HAL_Driver/Src/stm32l4xx_hal.o
 .debug_macro   0x00024487      0x1f4 Drivers/STM32L4xx_HAL_Driver/Src/stm32l4xx_hal.o
 .debug_macro   0x0002467b       0x62 Drivers/STM32L4xx_HAL_Driver/Src/stm32l4xx_hal.o
 .debug_macro   0x000246dd      0x349 Drivers/STM32L4xx_HAL_Driver/Src/stm32l4xx_hal.o
 .debug_macro   0x00024a26      0x221 Drivers/STM32L4xx_HAL_Driver/Src/stm32l4xx_hal_cortex.o
 .debug_macro   0x00024c47      0x260 Drivers/STM32L4xx_HAL_Driver/Src/stm32l4xx_hal_gpio.o
 .debug_macro   0x00024ea7      0x221 Drivers/STM32L4xx_HAL_Driver/Src/stm32l4xx_hal_hcd.o
 .debug_macro   0x000250c8      0x2e6 Drivers/STM32L4xx_HAL_Driver/Src/stm32l4xx_hal_i2c.o
 .debug_macro   0x000253ae      0x221 Drivers/STM32L4xx_HAL_Driver/Src/stm32l4xx_hal_i2c_ex.o
 .debug_macro   0x000255cf      0x227 Drivers/STM32L4xx_HAL_Driver/Src/stm32l4xx_hal_lcd.o
 .debug_macro   0x000257f6      0x239 Drivers/STM32L4xx_HAL_Driver/Src/stm32l4xx_hal_pwr.o
 .debug_macro   0x00025a2f      0x245 Drivers/STM32L4xx_HAL_Driver/Src/stm32l4xx_hal_pwr_ex.o
 .debug_macro   0x00025c74      0x245 Drivers/STM32L4xx_HAL_Driver/Src/stm32l4xx_hal_qspi.o
 .debug_macro   0x00025eb9      0x263 Drivers/STM32L4xx_HAL_Driver/Src/stm32l4xx_hal_rcc.o
 .debug_macro   0x0002611c      0x257 Drivers/STM32L4xx_HAL_Driver/Src/stm32l4xx_hal_rcc_ex.o
 .debug_macro   0x00026373      0x230 Drivers/STM32L4xx_HAL_Driver/Src/stm32l4xx_hal_sai.o
 .debug_macro   0x000265a3      0x229 Drivers/STM32L4xx_HAL_Driver/Src/stm32l4xx_hal_spi.o
 .debug_macro   0x000267cc      0x24c Drivers/STM32L4xx_HAL_Driver/Src/stm32l4xx_hal_uart.o
 .debug_macro   0x00026a18      0x221 Drivers/STM32L4xx_HAL_Driver/Src/stm32l4xx_ll_usb.o
 .debug_macro   0x00026c39      0x441 Middlewares/ST/STM32_USB_Host_Library/Class/CDC/Src/usbh_cdc.o
 .debug_macro   0x0002707a       0x58 Middlewares/ST/STM32_USB_Host_Library/Class/CDC/Src/usbh_cdc.o
 .debug_macro   0x000270d2       0x18 Middlewares/ST/STM32_USB_Host_Library/Class/CDC/Src/usbh_cdc.o
 .debug_macro   0x000270ea       0x94 Middlewares/ST/STM32_USB_Host_Library/Class/CDC/Src/usbh_cdc.o
 .debug_macro   0x0002717e       0x35 Middlewares/ST/STM32_USB_Host_Library/Class/CDC/Src/usbh_cdc.o
 .debug_macro   0x000271b3       0x34 Middlewares/ST/STM32_USB_Host_Library/Class/CDC/Src/usbh_cdc.o
 .debug_macro   0x000271e7       0x16 Middlewares/ST/STM32_USB_Host_Library/Class/CDC/Src/usbh_cdc.o
 .debug_macro   0x000271fd       0x57 Middlewares/ST/STM32_USB_Host_Library/Class/CDC/Src/usbh_cdc.o
 .debug_macro   0x00027254       0x97 Middlewares/ST/STM32_USB_Host_Library/Class/CDC/Src/usbh_cdc.o
 .debug_macro   0x000272eb      0x330 Middlewares/ST/STM32_USB_Host_Library/Class/CDC/Src/usbh_cdc.o
 .debug_macro   0x0002761b       0xfd Middlewares/ST/STM32_USB_Host_Library/Class/CDC/Src/usbh_cdc.o
 .debug_macro   0x00027718       0x10 Middlewares/ST/STM32_USB_Host_Library/Class/CDC/Src/usbh_cdc.o
 .debug_macro   0x00027728       0x58 Middlewares/ST/STM32_USB_Host_Library/Class/CDC/Src/usbh_cdc.o
 .debug_macro   0x00027780       0x1f Middlewares/ST/STM32_USB_Host_Library/Class/CDC/Src/usbh_cdc.o
 .debug_macro   0x0002779f       0x43 Middlewares/ST/STM32_USB_Host_Library/Class/CDC/Src/usbh_cdc.o
 .debug_macro   0x000277e2       0x20 Middlewares/ST/STM32_USB_Host_Library/Class/CDC/Src/usbh_cdc.o
 .debug_macro   0x00027802      0x18e Middlewares/ST/STM32_USB_Host_Library/Class/CDC/Src/usbh_cdc.o
 .debug_macro   0x00027990       0x10 Middlewares/ST/STM32_USB_Host_Library/Class/CDC/Src/usbh_cdc.o
 .debug_macro   0x000279a0       0x1c Middlewares/ST/STM32_USB_Host_Library/Class/CDC/Src/usbh_cdc.o
 .debug_macro   0x000279bc       0x52 Middlewares/ST/STM32_USB_Host_Library/Class/CDC/Src/usbh_cdc.o
 .debug_macro   0x00027a0e       0x40 Middlewares/ST/STM32_USB_Host_Library/Class/CDC/Src/usbh_cdc.o
 .debug_macro   0x00027a4e       0x10 Middlewares/ST/STM32_USB_Host_Library/Class/CDC/Src/usbh_cdc.o
 .debug_macro   0x00027a5e       0x40 Middlewares/ST/STM32_USB_Host_Library/Class/CDC/Src/usbh_cdc.o
 .debug_macro   0x00027a9e       0xd7 Middlewares/ST/STM32_USB_Host_Library/Class/CDC/Src/usbh_cdc.o
 .debug_macro   0x00027b75       0x1c Middlewares/ST/STM32_USB_Host_Library/Class/CDC/Src/usbh_cdc.o
 .debug_macro   0x00027b91       0x3d Middlewares/ST/STM32_USB_Host_Library/Class/CDC/Src/usbh_cdc.o
 .debug_macro   0x00027bce       0x16 Middlewares/ST/STM32_USB_Host_Library/Class/CDC/Src/usbh_cdc.o
 .debug_macro   0x00027be4      0x16f Middlewares/ST/STM32_USB_Host_Library/Class/CDC/Src/usbh_cdc.o
 .debug_macro   0x00027d53       0x16 Middlewares/ST/STM32_USB_Host_Library/Class/CDC/Src/usbh_cdc.o
 .debug_macro   0x00027d69       0x35 Middlewares/ST/STM32_USB_Host_Library/Class/CDC/Src/usbh_cdc.o
 .debug_macro   0x00027d9e       0x16 Middlewares/ST/STM32_USB_Host_Library/Class/CDC/Src/usbh_cdc.o
 .debug_macro   0x00027db4       0x29 Middlewares/ST/STM32_USB_Host_Library/Class/CDC/Src/usbh_cdc.o
 .debug_macro   0x00027ddd       0x16 Middlewares/ST/STM32_USB_Host_Library/Class/CDC/Src/usbh_cdc.o
 .debug_macro   0x00027df3       0xd9 Middlewares/ST/STM32_USB_Host_Library/Class/CDC/Src/usbh_cdc.o
 .debug_macro   0x00027ecc      0x3e9 Middlewares/ST/STM32_USB_Host_Library/Class/CDC/Src/usbh_cdc.o
 .debug_macro   0x000282b5       0x73 Middlewares/ST/STM32_USB_Host_Library/Class/CDC/Src/usbh_cdc.o
 .debug_macro   0x00028328      0x210 Middlewares/ST/STM32_USB_Host_Library/Class/CDC/Src/usbh_cdc.o
 .debug_macro   0x00028538       0x2e Middlewares/ST/STM32_USB_Host_Library/Class/CDC/Src/usbh_cdc.o
 .debug_macro   0x00028566       0x2e Middlewares/ST/STM32_USB_Host_Library/Class/CDC/Src/usbh_cdc.o
 .debug_macro   0x00028594       0x28 Middlewares/ST/STM32_USB_Host_Library/Class/CDC/Src/usbh_cdc.o
 .debug_macro   0x000285bc      0x15c Middlewares/ST/STM32_USB_Host_Library/Class/CDC/Src/usbh_cdc.o
 .debug_macro   0x00028718      0x43e Middlewares/ST/STM32_USB_Host_Library/Core/Src/usbh_core.o
 .debug_macro   0x00028b56      0x436 Middlewares/ST/STM32_USB_Host_Library/Core/Src/usbh_ctlreq.o
 .debug_macro   0x00028f8c       0x28 Middlewares/ST/STM32_USB_Host_Library/Core/Src/usbh_ctlreq.o
 .debug_macro   0x00028fb4      0x430 Middlewares/ST/STM32_USB_Host_Library/Core/Src/usbh_ioreq.o
 .debug_macro   0x000293e4      0x430 Middlewares/ST/STM32_USB_Host_Library/Core/Src/usbh_pipes.o
 .debug_macro   0x00029814      0x257 Src/main.o
 .debug_macro   0x00029a6b      0x230 Src/stm32l4xx_hal_msp.o
 .debug_macro   0x00029c9b      0x23a Src/stm32l4xx_it.o
 .debug_macro   0x00029ed5      0x243 Src/syscalls.o
 .debug_macro   0x0002a118       0x10 Src/syscalls.o
 .debug_macro   0x0002a128       0x10 Src/syscalls.o
 .debug_macro   0x0002a138       0x10 Src/syscalls.o
 .debug_macro   0x0002a148       0x35 Src/syscalls.o
 .debug_macro   0x0002a17d      0x122 Src/syscalls.o
 .debug_macro   0x0002a29f       0x10 Src/syscalls.o
 .debug_macro   0x0002a2af      0x241 Src/syscalls.o
 .debug_macro   0x0002a4f0       0x1c Src/syscalls.o
 .debug_macro   0x0002a50c       0x10 Src/syscalls.o
 .debug_macro   0x0002a51c      0x189 Src/syscalls.o
 .debug_macro   0x0002a6a5       0x16 Src/syscalls.o
 .debug_macro   0x0002a6bb       0x88 Src/syscalls.o
 .debug_macro   0x0002a743      0x227 Src/system_stm32l4xx.o
 .debug_macro   0x0002a96a      0x43f Src/usb_host.o
 .debug_macro   0x0002ada9       0x5e Src/usb_host.o
 .debug_macro   0x0002ae07      0x32a Src/usb_host.o
 .debug_macro   0x0002b131      0x3ef Src/usb_host.o
 .debug_macro   0x0002b520      0x162 Src/usb_host.o
 .debug_macro   0x0002b682      0x444 Src/usbh_conf.o
 .debug_macro   0x0002bac6      0x235 Src/usbh_platform.o

.debug_line     0x00000000    0x15148
 .debug_line    0x00000000      0x9fd Drivers/STM32L4xx_HAL_Driver/Src/stm32l4xx_hal.o
 .debug_line    0x000009fd      0x9aa Drivers/STM32L4xx_HAL_Driver/Src/stm32l4xx_hal_cortex.o
 .debug_line    0x000013a7      0x8d6 Drivers/STM32L4xx_HAL_Driver/Src/stm32l4xx_hal_gpio.o
 .debug_line    0x00001c7d      0xb72 Drivers/STM32L4xx_HAL_Driver/Src/stm32l4xx_hal_hcd.o
 .debug_line    0x000027ef     0x1b96 Drivers/STM32L4xx_HAL_Driver/Src/stm32l4xx_hal_i2c.o
 .debug_line    0x00004385      0x89e Drivers/STM32L4xx_HAL_Driver/Src/stm32l4xx_hal_i2c_ex.o
 .debug_line    0x00004c23      0x8bc Drivers/STM32L4xx_HAL_Driver/Src/stm32l4xx_hal_lcd.o
 .debug_line    0x000054df      0x89a Drivers/STM32L4xx_HAL_Driver/Src/stm32l4xx_hal_pwr.o
 .debug_line    0x00005d79      0xbb1 Drivers/STM32L4xx_HAL_Driver/Src/stm32l4xx_hal_pwr_ex.o
 .debug_line    0x0000692a      0xdf6 Drivers/STM32L4xx_HAL_Driver/Src/stm32l4xx_hal_qspi.o
 .debug_line    0x00007720      0xaee Drivers/STM32L4xx_HAL_Driver/Src/stm32l4xx_hal_rcc.o
 .debug_line    0x0000820e      0xd52 Drivers/STM32L4xx_HAL_Driver/Src/stm32l4xx_hal_rcc_ex.o
 .debug_line    0x00008f60      0xfcc Drivers/STM32L4xx_HAL_Driver/Src/stm32l4xx_hal_sai.o
 .debug_line    0x00009f2c     0x1294 Drivers/STM32L4xx_HAL_Driver/Src/stm32l4xx_hal_spi.o
 .debug_line    0x0000b1c0     0x12f9 Drivers/STM32L4xx_HAL_Driver/Src/stm32l4xx_hal_uart.o
 .debug_line    0x0000c4b9      0xdb6 Drivers/STM32L4xx_HAL_Driver/Src/stm32l4xx_ll_usb.o
 .debug_line    0x0000d26f      0xc43 Middlewares/ST/STM32_USB_Host_Library/Class/CDC/Src/usbh_cdc.o
 .debug_line    0x0000deb2      0xc7e Middlewares/ST/STM32_USB_Host_Library/Core/Src/usbh_core.o
 .debug_line    0x0000eb30      0xc7c Middlewares/ST/STM32_USB_Host_Library/Core/Src/usbh_ctlreq.o
 .debug_line    0x0000f7ac      0xa3c Middlewares/ST/STM32_USB_Host_Library/Core/Src/usbh_ioreq.o
 .debug_line    0x000101e8      0x9f2 Middlewares/ST/STM32_USB_Host_Library/Core/Src/usbh_pipes.o
 .debug_line    0x00010bda      0x9a2 Src/main.o
 .debug_line    0x0001157c      0x8fc Src/stm32l4xx_hal_msp.o
 .debug_line    0x00011e78      0x7f7 Src/stm32l4xx_it.o
 .debug_line    0x0001266f      0x5d1 Src/syscalls.o
 .debug_line    0x00012c40      0x78d Src/system_stm32l4xx.o
 .debug_line    0x000133cd      0xa11 Src/usb_host.o
 .debug_line    0x00013dde      0xb81 Src/usbh_conf.o
 .debug_line    0x0001495f      0x76b Src/usbh_platform.o
 .debug_line    0x000150ca       0x7e startup/startup_stm32l476xx.o

.debug_str      0x00000000    0xf9dd4
 .debug_str     0x00000000    0xeac83 Drivers/STM32L4xx_HAL_Driver/Src/stm32l4xx_hal.o
                              0xeb0d5 (size before relaxing)
 .debug_str     0x000eac83      0x3a1 Drivers/STM32L4xx_HAL_Driver/Src/stm32l4xx_hal_cortex.o
                              0xeada0 (size before relaxing)
 .debug_str     0x000eb024      0x2bb Drivers/STM32L4xx_HAL_Driver/Src/stm32l4xx_hal_gpio.o
                              0xea7cc (size before relaxing)
 .debug_str     0x000eb2df      0x88e Drivers/STM32L4xx_HAL_Driver/Src/stm32l4xx_hal_hcd.o
                              0xeac83 (size before relaxing)
 .debug_str     0x000ebb6d     0x10cb Drivers/STM32L4xx_HAL_Driver/Src/stm32l4xx_hal_i2c.o
                              0xeb639 (size before relaxing)
 .debug_str     0x000ecc38       0xb8 Drivers/STM32L4xx_HAL_Driver/Src/stm32l4xx_hal_i2c_ex.o
                              0xeaa56 (size before relaxing)
 .debug_str     0x000eccf0      0x23a Drivers/STM32L4xx_HAL_Driver/Src/stm32l4xx_hal_lcd.o
                              0xea600 (size before relaxing)
 .debug_str     0x000ecf2a      0x364 Drivers/STM32L4xx_HAL_Driver/Src/stm32l4xx_hal_pwr.o
                              0xea8d7 (size before relaxing)
 .debug_str     0x000ed28e      0x39e Drivers/STM32L4xx_HAL_Driver/Src/stm32l4xx_hal_pwr_ex.o
                              0xeaa4f (size before relaxing)
 .debug_str     0x000ed62c      0x896 Drivers/STM32L4xx_HAL_Driver/Src/stm32l4xx_hal_qspi.o
                              0xeae68 (size before relaxing)
 .debug_str     0x000edec2      0x4bb Drivers/STM32L4xx_HAL_Driver/Src/stm32l4xx_hal_rcc.o
                              0xeab50 (size before relaxing)
 .debug_str     0x000ee37d      0x600 Drivers/STM32L4xx_HAL_Driver/Src/stm32l4xx_hal_rcc_ex.o
                              0xead2f (size before relaxing)
 .debug_str     0x000ee97d      0x644 Drivers/STM32L4xx_HAL_Driver/Src/stm32l4xx_hal_sai.o
                              0xeac8c (size before relaxing)
 .debug_str     0x000eefc1      0x6a1 Drivers/STM32L4xx_HAL_Driver/Src/stm32l4xx_hal_spi.o
                              0xead1b (size before relaxing)
 .debug_str     0x000ef662      0x966 Drivers/STM32L4xx_HAL_Driver/Src/stm32l4xx_hal_uart.o
                              0xeb14f (size before relaxing)
 .debug_str     0x000effc8      0x50a Drivers/STM32L4xx_HAL_Driver/Src/stm32l4xx_ll_usb.o
                              0xeae22 (size before relaxing)
 .debug_str     0x000f04d2     0x723d Middlewares/ST/STM32_USB_Host_Library/Class/CDC/Src/usbh_cdc.o
                              0xf16ed (size before relaxing)
 .debug_str     0x000f770f      0x2fa Middlewares/ST/STM32_USB_Host_Library/Core/Src/usbh_core.o
                              0xf0bf0 (size before relaxing)
 .debug_str     0x000f7a09      0x1db Middlewares/ST/STM32_USB_Host_Library/Core/Src/usbh_ctlreq.o
                              0xf0b80 (size before relaxing)
 .debug_str     0x000f7be4       0xb2 Middlewares/ST/STM32_USB_Host_Library/Core/Src/usbh_ioreq.o
                              0xf09b5 (size before relaxing)
 .debug_str     0x000f7c96       0x80 Middlewares/ST/STM32_USB_Host_Library/Core/Src/usbh_pipes.o
                              0xf094b (size before relaxing)
 .debug_str     0x000f7d16      0xcb5 Src/main.o
                              0xed252 (size before relaxing)
 .debug_str     0x000f89cb       0x27 Src/stm32l4xx_hal_msp.o
                              0xec136 (size before relaxing)
 .debug_str     0x000f89f2       0xda Src/stm32l4xx_it.o
                              0xeb651 (size before relaxing)
 .debug_str     0x000f8acc     0x112b Src/syscalls.o
                               0x85af (size before relaxing)
 .debug_str     0x000f9bf7       0x50 Src/system_stm32l4xx.o
                              0xea548 (size before relaxing)
 .debug_str     0x000f9c47       0x99 Src/usb_host.o
                              0xf104f (size before relaxing)
 .debug_str     0x000f9ce0       0xae Src/usbh_conf.o
                              0xf18a6 (size before relaxing)
 .debug_str     0x000f9d8e       0x17 Src/usbh_platform.o
                              0xea410 (size before relaxing)
 .debug_str     0x000f9da5       0x2f startup/startup_stm32l476xx.o
                                 0x57 (size before relaxing)

.comment        0x00000000       0x7f
 .comment       0x00000000       0x7f Drivers/STM32L4xx_HAL_Driver/Src/stm32l4xx_hal.o